Component: ARM Compiler 5.06 update 1 (build 61) Tool: armlink [4d35a8]

==============================================================================

Section Cross References

    startup_stm32f429_439xx.o(RESET) refers to startup_stm32f429_439xx.o(STACK) for __initial_sp
    startup_stm32f429_439xx.o(RESET) refers to startup_stm32f429_439xx.o(.text) for Reset_Handler
    startup_stm32f429_439xx.o(RESET) refers to stm32f4xx_it.o(i.NMI_Handler) for NMI_Handler
    startup_stm32f429_439xx.o(RESET) refers to stm32f4xx_it.o(i.HardFault_Handler) for HardFault_Handler
    startup_stm32f429_439xx.o(RESET) refers to stm32f4xx_it.o(i.MemManage_Handler) for MemManage_Handler
    startup_stm32f429_439xx.o(RESET) refers to stm32f4xx_it.o(i.BusFault_Handler) for BusFault_Handler
    startup_stm32f429_439xx.o(RESET) refers to stm32f4xx_it.o(i.UsageFault_Handler) for UsageFault_Handler
    startup_stm32f429_439xx.o(RESET) refers to stm32f4xx_it.o(i.SVC_Handler) for SVC_Handler
    startup_stm32f429_439xx.o(RESET) refers to stm32f4xx_it.o(i.DebugMon_Handler) for DebugMon_Handler
    startup_stm32f429_439xx.o(RESET) refers to stm32f4xx_it.o(i.PendSV_Handler) for PendSV_Handler
    startup_stm32f429_439xx.o(RESET) refers to stm32f4xx_it.o(i.SysTick_Handler) for SysTick_Handler
    startup_stm32f429_439xx.o(RESET) refers to stm32f4xx_it.o(i.TIM6_DAC_IRQHandler) for TIM6_DAC_IRQHandler
    startup_stm32f429_439xx.o(.text) refers to system_stm32f4xx.o(i.SystemInit) for SystemInit
    startup_stm32f429_439xx.o(.text) refers to entry.o(.ARM.Collect$$$$00000000) for __main
    system_stm32f4xx.o(i.SystemCoreClockUpdate) refers to system_stm32f4xx.o(.data) for .data
    system_stm32f4xx.o(i.SystemInit) refers to system_stm32f4xx.o(i.SetSysClock) for SetSysClock
    stm32f4xx_adc.o(i.ADC_DeInit) refers to stm32f4xx_rcc.o(i.RCC_APB2PeriphResetCmd) for RCC_APB2PeriphResetCmd
    stm32f4xx_can.o(i.CAN_DeInit) refers to stm32f4xx_rcc.o(i.RCC_APB1PeriphResetCmd) for RCC_APB1PeriphResetCmd
    stm32f4xx_can.o(i.CAN_GetITStatus) refers to stm32f4xx_can.o(i.CheckITStatus) for CheckITStatus
    stm32f4xx_cryp.o(i.CRYP_DeInit) refers to stm32f4xx_rcc.o(i.RCC_AHB2PeriphResetCmd) for RCC_AHB2PeriphResetCmd
    stm32f4xx_cryp_aes.o(i.CRYP_AES_CBC) refers to stm32f4xx_cryp.o(i.CRYP_KeyStructInit) for CRYP_KeyStructInit
    stm32f4xx_cryp_aes.o(i.CRYP_AES_CBC) refers to stm32f4xx_cryp.o(i.CRYP_KeyInit) for CRYP_KeyInit
    stm32f4xx_cryp_aes.o(i.CRYP_AES_CBC) refers to stm32f4xx_cryp.o(i.CRYP_Init) for CRYP_Init
    stm32f4xx_cryp_aes.o(i.CRYP_AES_CBC) refers to stm32f4xx_cryp.o(i.CRYP_IVInit) for CRYP_IVInit
    stm32f4xx_cryp_aes.o(i.CRYP_AES_CBC) refers to stm32f4xx_cryp.o(i.CRYP_FIFOFlush) for CRYP_FIFOFlush
    stm32f4xx_cryp_aes.o(i.CRYP_AES_CBC) refers to stm32f4xx_cryp.o(i.CRYP_Cmd) for CRYP_Cmd
    stm32f4xx_cryp_aes.o(i.CRYP_AES_CBC) refers to stm32f4xx_cryp.o(i.CRYP_GetCmdStatus) for CRYP_GetCmdStatus
    stm32f4xx_cryp_aes.o(i.CRYP_AES_CBC) refers to stm32f4xx_cryp.o(i.CRYP_GetFlagStatus) for CRYP_GetFlagStatus
    stm32f4xx_cryp_aes.o(i.CRYP_AES_CBC) refers to stm32f4xx_cryp.o(i.CRYP_DataIn) for CRYP_DataIn
    stm32f4xx_cryp_aes.o(i.CRYP_AES_CBC) refers to stm32f4xx_cryp.o(i.CRYP_DataOut) for CRYP_DataOut
    stm32f4xx_cryp_aes.o(i.CRYP_AES_CCM) refers to stm32f4xx_cryp.o(i.CRYP_KeyStructInit) for CRYP_KeyStructInit
    stm32f4xx_cryp_aes.o(i.CRYP_AES_CCM) refers to stm32f4xx_cryp.o(i.CRYP_FIFOFlush) for CRYP_FIFOFlush
    stm32f4xx_cryp_aes.o(i.CRYP_AES_CCM) refers to stm32f4xx_cryp.o(i.CRYP_KeyInit) for CRYP_KeyInit
    stm32f4xx_cryp_aes.o(i.CRYP_AES_CCM) refers to stm32f4xx_cryp.o(i.CRYP_IVInit) for CRYP_IVInit
    stm32f4xx_cryp_aes.o(i.CRYP_AES_CCM) refers to stm32f4xx_cryp.o(i.CRYP_Init) for CRYP_Init
    stm32f4xx_cryp_aes.o(i.CRYP_AES_CCM) refers to stm32f4xx_cryp.o(i.CRYP_PhaseConfig) for CRYP_PhaseConfig
    stm32f4xx_cryp_aes.o(i.CRYP_AES_CCM) refers to stm32f4xx_cryp.o(i.CRYP_DataIn) for CRYP_DataIn
    stm32f4xx_cryp_aes.o(i.CRYP_AES_CCM) refers to stm32f4xx_cryp.o(i.CRYP_Cmd) for CRYP_Cmd
    stm32f4xx_cryp_aes.o(i.CRYP_AES_CCM) refers to stm32f4xx_cryp.o(i.CRYP_GetCmdStatus) for CRYP_GetCmdStatus
    stm32f4xx_cryp_aes.o(i.CRYP_AES_CCM) refers to stm32f4xx_cryp.o(i.CRYP_GetFlagStatus) for CRYP_GetFlagStatus
    stm32f4xx_cryp_aes.o(i.CRYP_AES_CCM) refers to stm32f4xx_cryp.o(i.CRYP_DataOut) for CRYP_DataOut
    stm32f4xx_cryp_aes.o(i.CRYP_AES_CTR) refers to stm32f4xx_cryp.o(i.CRYP_KeyStructInit) for CRYP_KeyStructInit
    stm32f4xx_cryp_aes.o(i.CRYP_AES_CTR) refers to stm32f4xx_cryp.o(i.CRYP_KeyInit) for CRYP_KeyInit
    stm32f4xx_cryp_aes.o(i.CRYP_AES_CTR) refers to stm32f4xx_cryp.o(i.CRYP_Init) for CRYP_Init
    stm32f4xx_cryp_aes.o(i.CRYP_AES_CTR) refers to stm32f4xx_cryp.o(i.CRYP_IVInit) for CRYP_IVInit
    stm32f4xx_cryp_aes.o(i.CRYP_AES_CTR) refers to stm32f4xx_cryp.o(i.CRYP_FIFOFlush) for CRYP_FIFOFlush
    stm32f4xx_cryp_aes.o(i.CRYP_AES_CTR) refers to stm32f4xx_cryp.o(i.CRYP_Cmd) for CRYP_Cmd
[...]
    Removing bsp_lcd.o(i.LCD_FillPolyLine), (272 bytes).
    Removing bsp_lcd.o(i.LCD_FillTriangle), (192 bytes).
    Removing bsp_lcd.o(i.LCD_GPIO_Config), (764 bytes).
    Removing bsp_lcd.o(i.LCD_GetColors), (16 bytes).
    Removing bsp_lcd.o(i.LCD_GetFont), (12 bytes).
    Removing bsp_lcd.o(i.LCD_Init), (132 bytes).
    Removing bsp_lcd.o(i.LCD_LayerInit), (156 bytes).
    Removing bsp_lcd.o(i.LCD_PolyLine), (40 bytes).
    Removing bsp_lcd.o(i.LCD_PolyLineRelative), (6 bytes).
    Removing bsp_lcd.o(i.LCD_PolyLineRelativeClosed), (98 bytes).
    Removing bsp_lcd.o(i.LCD_ReSetColorKeying), (56 bytes).
    Removing bsp_lcd.o(i.LCD_SetBackColor), (12 bytes).
    Removing bsp_lcd.o(i.LCD_SetColorKeying), (72 bytes).
    Removing bsp_lcd.o(i.LCD_SetColors), (12 bytes).
    Removing bsp_lcd.o(i.LCD_SetCursor), (28 bytes).
    Removing bsp_lcd.o(i.LCD_SetDisplayWindow), (104 bytes).
    Removing bsp_lcd.o(i.LCD_SetFont), (12 bytes).
    Removing bsp_lcd.o(i.LCD_SetLayer), (36 bytes).
    Removing bsp_lcd.o(i.LCD_SetTextColor), (12 bytes).
    Removing bsp_lcd.o(i.LCD_SetTransparency), (48 bytes).
    Removing bsp_lcd.o(i.LCD_Triangle), (58 bytes).
    Removing bsp_lcd.o(i.LCD_WindowModeDisable), (16 bytes).
    Removing bsp_lcd.o(i.LCD_WriteBMP), (308 bytes).
    Removing bsp_lcd.o(i.PutPixel), (52 bytes).
    Removing bsp_lcd.o(.data), (20 bytes).
    Removing bsp_sdram.o(.rev16_text), (4 bytes).
    Removing bsp_sdram.o(.revsh_text), (4 bytes).
    Removing bsp_sdram.o(.rrx_text), (6 bytes).
    Removing bsp_sdram.o(i.SDRAM_GPIO_Config), (900 bytes).
    Removing bsp_sdram.o(i.SDRAM_Init), (92 bytes).
    Removing bsp_sdram.o(i.SDRAM_InitSequence), (172 bytes).
    Removing bsp_sdram.o(i.SDRAM_ReadBuffer), (48 bytes).
    Removing bsp_sdram.o(i.SDRAM_Test), (348 bytes).
    Removing bsp_sdram.o(i.SDRAM_WriteBuffer), (56 bytes).
    Removing bsp_sdram.o(i.SDRAM_delay), (32 bytes).
    Removing bsp_systick.o(.rev16_text), (4 bytes).
    Removing bsp_systick.o(.revsh_text), (4 bytes).
    Removing bsp_systick.o(.rrx_text), (6 bytes).
    Removing bsp_systick.o(i.TimeStamp_Increment), (16 bytes).
    Removing bsp_systick.o(i.get_tick_count), (16 bytes).
    Removing fonts.o(.constdata), (4560 bytes).
    Removing fonts.o(.constdata), (2304 bytes).
    Removing fonts.o(.constdata), (2304 bytes).
    Removing fonts.o(.constdata), (1536 bytes).
    Removing fonts.o(.data), (8 bytes).
    Removing fonts.o(.data), (8 bytes).
    Removing fonts.o(.data), (8 bytes).
    Removing fonts.o(.data), (8 bytes).
    Removing mpu6050.o(.rev16_text), (4 bytes).
    Removing mpu6050.o(.revsh_text), (4 bytes).
    Removing mpu6050.o(.rrx_text), (6 bytes).
    Removing mpu6050.o(i.MPU6050ReadTemp), (30 bytes).
    Removing i2c.o(.rev16_text), (4 bytes).
    Removing i2c.o(.revsh_text), (4 bytes).
    Removing i2c.o(.rrx_text), (6 bytes).
    Removing i2c.o(i.ST_Sensors_I2C_ReadNoRegister), (776 bytes).
    Removing i2c.o(i.ST_Sensors_I2C_WriteNoRegister), (280 bytes).
    Removing i2c.o(i.Sensors_I2C_ReadNoRegister), (58 bytes).
    Removing i2c.o(i.Sensors_I2C_WriteNoRegister), (54 bytes).
    Removing i2c.o(i.Set_I2C_Retry), (12 bytes).
    Removing oled_i2c.o(.rev16_text), (4 bytes).
    Removing oled_i2c.o(.revsh_text), (4 bytes).
    Removing oled_i2c.o(.rrx_text), (6 bytes).
    Removing oled_i2c.o(i.OLED_CLS), (6 bytes).
    Removing oled_i2c.o(i.OLED_DrawBMP), (66 bytes).
    Removing oled_i2c.o(i.OLED_OFF), (24 bytes).
    Removing oled_i2c.o(i.OLED_ON), (24 bytes).
    Removing oled_i2c.o(i.OLED_ShowCN), (76 bytes).
    Removing oled_i2c.o(.data), (128 bytes).
    Removing oled_i2c.o(.data), (1024 bytes).
    Removing bsp_basic_tim.o(.rev16_text), (4 bytes).
    Removing bsp_basic_tim.o(.revsh_text), (4 bytes).
    Removing bsp_basic_tim.o(.rrx_text), (6 bytes).
    Removing bsp_spi_flash.o(.rev16_text), (4 bytes).
    Removing bsp_spi_flash.o(.revsh_text), (4 bytes).
    Removing bsp_spi_flash.o(.rrx_text), (6 bytes).
    Removing bsp_spi_flash.o(i.SPI_FLASH_BulkErase), (36 bytes).
    Removing bsp_spi_flash.o(i.SPI_FLASH_ReadByte), (6 bytes).
    Removing bsp_spi_flash.o(i.SPI_FLASH_SendHalfWord), (108 bytes).
    Removing bsp_spi_flash.o(i.SPI_FLASH_StartReadSequence), (48 bytes).
    Removing bsp_spi_flash.o(i.SPI_Flash_PowerDown), (28 bytes).
    Removing bsp_spi_flash.o(i.SPI_Flash_WAKEUP), (28 bytes).
    Removing fdiv.o(.text), (124 bytes).
    Removing fflti.o(.text), (18 bytes).
    Removing ffixui.o(.text), (40 bytes).
    Removing dfixul.o(.text), (48 bytes).
    Removing cdcmple.o(.text), (48 bytes).

921 unused section(s) (total 50768 bytes) removed from the image.

==============================================================================

Image Symbol Table

    Local Symbols

    Symbol Name                              Value     Ov Type        Size  Object(Section)

    ../clib/microlib/division.c              0x00000000   Number         0  uidiv.o ABSOLUTE
    ../clib/microlib/division.c              0x00000000   Number         0  uldiv.o ABSOLUTE
    ../clib/microlib/errno.c                 0x00000000   Number         0  errno.o ABSOLUTE
    ../clib/microlib/init/entry.s            0x00000000   Number         0  entry11b.o ABSOLUTE
    ../clib/microlib/init/entry.s            0x00000000   Number         0  entry5.o ABSOLUTE
    ../clib/microlib/init/entry.s            0x00000000   Number         0  entry.o ABSOLUTE
    ../clib/microlib/init/entry.s            0x00000000   Number         0  entry7b.o ABSOLUTE
    ../clib/microlib/init/entry.s            0x00000000   Number         0  entry2.o ABSOLUTE
    ../clib/microlib/init/entry.s            0x00000000   Number         0  entry8a.o ABSOLUTE
    ../clib/microlib/init/entry.s            0x00000000   Number         0  entry11a.o ABSOLUTE
    ../clib/microlib/init/entry.s            0x00000000   Number         0  entry10b.o ABSOLUTE
    ../clib/microlib/init/entry.s            0x00000000   Number         0  entry7a.o ABSOLUTE
    ../clib/microlib/init/entry.s            0x00000000   Number         0  entry10a.o ABSOLUTE
    ../clib/microlib/init/entry.s            0x00000000   Number         0  entry9b.o ABSOLUTE
    ../clib/microlib/init/entry.s            0x00000000   Number         0  entry9a.o ABSOLUTE
    ../clib/microlib/init/entry.s            0x00000000   Number         0  entry8b.o ABSOLUTE
    ../clib/microlib/longlong.c              0x00000000   Number         0  llsshr.o ABSOLUTE
    ../clib/microlib/longlong.c              0x00000000   Number         0  llshl.o ABSOLUTE
    ../clib/microlib/longlong.c              0x00000000   Number         0  llushr.o ABSOLUTE
    ../clib/microlib/printf/printf.c         0x00000000   Number         0  printf3.o ABSOLUTE
    ../clib/microlib/printf/printf.c         0x00000000   Number         0  printf4.o ABSOLUTE
    ../clib/microlib/printf/printf.c         0x00000000   Number         0  printfa.o ABSOLUTE
    ../clib/microlib/printf/printf.c         0x00000000   Number         0  printf6.o ABSOLUTE
    ../clib/microlib/printf/printf.c         0x00000000   Number         0  printf7.o ABSOLUTE
    ../clib/microlib/printf/printf.c         0x00000000   Number         0  printf8.o ABSOLUTE
    ../clib/microlib/printf/printf.c         0x00000000   Number         0  printf5.o ABSOLUTE
    ../clib/microlib/printf/printf.c         0x00000000   Number         0  printfb.o ABSOLUTE
    ../clib/microlib/printf/printf.c         0x00000000   Number         0  printf0.o ABSOLUTE
    ../clib/microlib/printf/printf.c         0x00000000   Number         0  printf1.o ABSOLUTE
    ../clib/microlib/printf/printf.c         0x00000000   Number         0  printf2.o ABSOLUTE
    ../clib/microlib/printf/stubs.s          0x00000000   Number         0  stubs.o ABSOLUTE
    ../clib/microlib/stdio/streams.c         0x00000000   Number         0  stdout.o ABSOLUTE
    ../clib/microlib/string/memset.c         0x00000000   Number         0  memseta.o ABSOLUTE
    ../clib/microlib/stubs.s                 0x00000000   Number         0  iusefp.o ABSOLUTE
    ../fplib/microlib/d2f.c                  0x00000000   Number         0  d2f.o ABSOLUTE
    ../fplib/microlib/fpadd.c                0x00000000   Number         0  dadd.o ABSOLUTE
    ../fplib/microlib/fpdiv.c                0x00000000   Number         0  ddiv.o ABSOLUTE
    ../fplib/microlib/fpdiv.c                0x00000000   Number         0  fdiv.o ABSOLUTE
    ../fplib/microlib/fpepilogue.c           0x00000000   Number         0  depilogue.o ABSOLUTE
    ../fplib/microlib/fpepilogue.c           0x00000000   Number         0  fepilogue.o ABSOLUTE
    ../fplib/microlib/fpfix.c                0x00000000   Number         0  dfixul.o ABSOLUTE
    ../fplib/microlib/fpfix.c                0x00000000   Number         0  ffixui.o ABSOLUTE
    ../fplib/microlib/fpflt.c                0x00000000   Number         0  fflti.o ABSOLUTE
    ../fplib/microlib/fpflt.c                0x00000000   Number         0  dflti.o ABSOLUTE
    ../fplib/microlib/fpmul.c                0x00000000   Number         0  dmul.o ABSOLUTE
    ../fplib/microlib/fpscalb.c              0x00000000   Number         0  dscalb.o ABSOLUTE
    ../fplib/microlib/fpsqrt.c               0x00000000   Number         0  dsqrt.o ABSOLUTE
    ../mathlib/acos.c                        0x00000000   Number         0  acos.o ABSOLUTE
    ../mathlib/acos.c                        0x00000000   Number         0  acos_x.o ABSOLUTE
    ../mathlib/dunder.c                      0x00000000   Number         0  dunder.o ABSOLUTE
    ../mathlib/poly.c                        0x00000000   Number         0  poly.o ABSOLUTE
    ../mathlib/sqrt.c                        0x00000000   Number         0  sqrt.o ABSOLUTE
    ../mathlib/sqrt.c                        0x00000000   Number         0  sqrt_x.o ABSOLUTE
    ..\..\Libraries\CMSIS\Device\ST\STM32F4xx\Source\Templates\arm\startup_stm32f429_439xx.s 0x00000000   Number         0  startup_stm32f429_439xx.o ABSOLUTE
    ..\..\Libraries\CMSIS\Device\ST\STM32F4xx\Source\Templates\system_stm32f4xx.c 0x00000000   Number         0  system_stm32f4xx.o ABSOLUTE
    ..\..\Libraries\STM32F4xx_StdPeriph_Driver\src\misc.c 0x00000000   Number         0  misc.o ABSOLUTE
    ..\..\Libraries\STM32F4xx_StdPeriph_Driver\src\stm32f4xx_adc.c 0x00000000   Number         0  stm32f4xx_adc.o ABSOLUTE
    ..\..\Libraries\STM32F4xx_StdPeriph_Driver\src\stm32f4xx_can.c 0x00000000   Number         0  stm32f4xx_can.o ABSOLUTE
    ..\..\Libraries\STM32F4xx_StdPeriph_Driver\src\stm32f4xx_cec.c 0x00000000   Number         0  stm32f4xx_cec.o ABSOLUTE
    ..\..\Libraries\STM32F4xx_StdPeriph_Driver\src\stm32f4xx_crc.c 0x00000000   Number         0  stm32f4xx_crc.o ABSOLUTE
    ..\..\Libraries\STM32F4xx_StdPeriph_Driver\src\stm32f4xx_cryp.c 0x00000000   Number         0  stm32f4xx_cryp.o ABSOLUTE
    ..\..\Libraries\STM32F4xx_StdPeriph_Driver\src\stm32f4xx_cryp_aes.c 0x00000000   Number         0  stm32f4xx_cryp_aes.o ABSOLUTE
    ..\..\Libraries\STM32F4xx_StdPeriph_Driver\src\stm32f4xx_cryp_des.c 0x00000000   Number         0  stm32f4xx_cryp_des.o ABSOLUTE
    ..\..\Libraries\STM32F4xx_StdPeriph_Driver\src\stm32f4xx_cryp_tdes.c 0x00000000   Number         0  stm32f4xx_cryp_tdes.o ABSOLUTE
    ..\..\Libraries\STM32F4xx_StdPeriph_Driver\src\stm32f4xx_dac.c 0x00000000   Number         0  stm32f4xx_dac.o ABSOLUTE
    ..\..\Libraries\STM32F4xx_StdPeriph_Driver\src\stm32f4xx_dbgmcu.c 0x00000000   Number         0  stm32f4xx_dbgmcu.o ABSOLUTE
    ..\..\Libraries\STM32F4xx_StdPeriph_Driver\src\stm32f4xx_dcmi.c 0x00000000   Number         0  stm32f4xx_dcmi.o ABSOLUTE
    ..\..\Libraries\STM32F4xx_StdPeriph_Driver\src\stm32f4xx_dma.c 0x00000000   Number         0  stm32f4xx_dma.o ABSOLUTE
    ..\..\Libraries\STM32F4xx_StdPeriph_Driver\src\stm32f4xx_dma2d.c 0x00000000   Number         0  stm32f4xx_dma2d.o ABSOLUTE
    ..\..\Libraries\STM32F4xx_StdPeriph_Driver\src\stm32f4xx_exti.c 0x00000000   Number         0  stm32f4xx_exti.o ABSOLUTE
    ..\..\Libraries\STM32F4xx_StdPeriph_Driver\src\stm32f4xx_flash.c 0x00000000   Number         0  stm32f4xx_flash.o ABSOLUTE
    ..\..\Libraries\STM32F4xx_StdPeriph_Driver\src\stm32f4xx_flash_ramfunc.c 0x00000000   Number         0  stm32f4xx_flash_ramfunc.o ABSOLUTE
    ..\..\Libraries\STM32F4xx_StdPeriph_Driver\src\stm32f4xx_fmc.c 0x00000000   Number         0  stm32f4xx_fmc.o ABSOLUTE
    ..\..\Libraries\STM32F4xx_StdPeriph_Driver\src\stm32f4xx_fmpi2c.c 0x00000000   Number         0  stm32f4xx_fmpi2c.o ABSOLUTE
    ..\..\Libraries\STM32F4xx_StdPeriph_Driver\src\stm32f4xx_gpio.c 0x00000000   Number         0  stm32f4xx_gpio.o ABSOLUTE
    ..\..\Libraries\STM32F4xx_StdPeriph_Driver\src\stm32f4xx_hash.c 0x00000000   Number         0  stm32f4xx_hash.o ABSOLUTE
    ..\..\Libraries\STM32F4xx_StdPeriph_Driver\src\stm32f4xx_hash_md5.c 0x00000000   Number         0  stm32f4xx_hash_md5.o ABSOLUTE
    ..\..\Libraries\STM32F4xx_StdPeriph_Driver\src\stm32f4xx_hash_sha1.c 0x00000000   Number         0  stm32f4xx_hash_sha1.o ABSOLUTE
    ..\..\Libraries\STM32F4xx_StdPeriph_Driver\src\stm32f4xx_i2c.c 0x00000000   Number         0  stm32f4xx_i2c.o ABSOLUTE
    ..\..\Libraries\STM32F4xx_StdPeriph_Driver\src\stm32f4xx_iwdg.c 0x00000000   Number         0  stm32f4xx_iwdg.o ABSOLUTE
    ..\..\Libraries\STM32F4xx_StdPeriph_Driver\src\stm32f4xx_ltdc.c 0x00000000   Number         0  stm32f4xx_ltdc.o ABSOLUTE
    ..\..\Libraries\STM32F4xx_StdPeriph_Driver\src\stm32f4xx_pwr.c 0x00000000   Number         0  stm32f4xx_pwr.o ABSOLUTE
    ..\..\Libraries\STM32F4xx_StdPeriph_Driver\src\stm32f4xx_qspi.c 0x00000000   Number         0  stm32f4xx_qspi.o ABSOLUTE
    ..\..\Libraries\STM32F4xx_StdPeriph_Driver\src\stm32f4xx_rcc.c 0x00000000   Number         0  stm32f4xx_rcc.o ABSOLUTE
    ..\..\Libraries\STM32F4xx_StdPeriph_Driver\src\stm32f4xx_rng.c 0x00000000   Number         0  stm32f4xx_rng.o ABSOLUTE
    ..\..\Libraries\STM32F4xx_StdPeriph_Driver\src\stm32f4xx_rtc.c 0x00000000   Number         0  stm32f4xx_rtc.o ABSOLUTE
    ..\..\Libraries\STM32F4xx_StdPeriph_Driver\src\stm32f4xx_sai.c 0x00000000   Number         0  stm32f4xx_sai.o ABSOLUTE
    ..\..\Libraries\STM32F4xx_StdPeriph_Driver\src\stm32f4xx_sdio.c 0x00000000   Number         0  stm32f4xx_sdio.o ABSOLUTE
    ..\..\Libraries\STM32F4xx_StdPeriph_Driver\src\stm32f4xx_spdifrx.c 0x00000000   Number         0  stm32f4xx_spdifrx.o ABSOLUTE
    ..\..\Libraries\STM32F4xx_StdPeriph_Driver\src\stm32f4xx_spi.c 0x00000000   Number         0  stm32f4xx_spi.o ABSOLUTE
    ..\..\Libraries\STM32F4xx_StdPeriph_Driver\src\stm32f4xx_syscfg.c 0x00000000   Number         0  stm32f4xx_syscfg.o ABSOLUTE
    ..\..\Libraries\STM32F4xx_StdPeriph_Driver\src\stm32f4xx_tim.c 0x00000000   Number         0  stm32f4xx_tim.o ABSOLUTE
    ..\..\Libraries\STM32F4xx_StdPeriph_Driver\src\stm32f4xx_usart.c 0x00000000   Number         0  stm32f4xx_usart.o ABSOLUTE
    ..\..\Libraries\STM32F4xx_StdPeriph_Driver\src\stm32f4xx_wwdg.c 0x00000000   Number         0  stm32f4xx_wwdg.o ABSOLUTE
    ..\..\User\basic-tim\bsp_basic_tim.c     0x00000000   Number         0  bsp_basic_tim.o ABSOLUTE
    ..\..\User\flash\bsp_spi_flash.c         0x00000000   Number         0  bsp_spi_flash.o ABSOLUTE
    ..\..\User\font\fonts.c                  0x00000000   Number         0  fonts.o ABSOLUTE
    ..\..\User\i2c\i2c.c                     0x00000000   Number         0  i2c.o ABSOLUTE
    ..\..\User\lcd\bsp_lcd.c                 0x00000000   Number         0  bsp_lcd.o ABSOLUTE
    ..\..\User\led\bsp_led.c                 0x00000000   Number         0  bsp_led.o ABSOLUTE
    ..\..\User\main.c                        0x00000000   Number         0  main.o ABSOLUTE
    ..\..\User\mpu6050\mpu6050.c             0x00000000   Number         0  mpu6050.o ABSOLUTE
    ..\..\User\oled\OLED_I2C.c               0x00000000   Number         0  oled_i2c.o ABSOLUTE
    ..\..\User\sdram\bsp_sdram.c             0x00000000   Number         0  bsp_sdram.o ABSOLUTE
    ..\..\User\stm32f4xx_it.c                0x00000000   Number         0  stm32f4xx_it.o ABSOLUTE
    ..\..\User\systick\bsp_SysTick.c         0x00000000   Number         0  bsp_systick.o ABSOLUTE
    ..\..\User\usart\bsp_debug_usart.c       0x00000000   Number         0  bsp_debug_usart.o ABSOLUTE
    ..\\..\\Libraries\\CMSIS\\Device\\ST\\STM32F4xx\\Source\\Templates\\system_stm32f4xx.c 0x00000000   Number         0  system_stm32f4xx.o ABSOLUTE
    ..\\..\\Libraries\\STM32F4xx_StdPeriph_Driver\\src\\misc.c 0x00000000   Number         0  misc.o ABSOLUTE
    ..\\..\\Libraries\\STM32F4xx_StdPeriph_Driver\\src\\stm32f4xx_adc.c 0x00000000   Number         0  stm32f4xx_adc.o ABSOLUTE
    ..\\..\\Libraries\\STM32F4xx_StdPeriph_Driver\\src\\stm32f4xx_can.c 0x00000000   Number         0  stm32f4xx_can.o ABSOLUTE
    ..\\..\\Libraries\\STM32F4xx_StdPeriph_Driver\\src\\stm32f4xx_cec.c 0x00000000   Number         0  stm32f4xx_cec.o ABSOLUTE
    ..\\..\\Libraries\\STM32F4xx_StdPeriph_Driver\\src\\stm32f4xx_crc.c 0x00000000   Number         0  stm32f4xx_crc.o ABSOLUTE
    ..\\..\\Libraries\\STM32F4xx_StdPeriph_Driver\\src\\stm32f4xx_cryp.c 0x00000000   Number         0  stm32f4xx_cryp.o ABSOLUTE
    ..\\..\\Libraries\\STM32F4xx_StdPeriph_Driver\\src\\stm32f4xx_cryp_aes.c 0x00000000   Number         0  stm32f4xx_cryp_aes.o ABSOLUTE
    ..\\..\\Libraries\\STM32F4xx_StdPeriph_Driver\\src\\stm32f4xx_cryp_des.c 0x00000000   Number         0  stm32f4xx_cryp_des.o ABSOLUTE
    ..\\..\\Libraries\\STM32F4xx_StdPeriph_Driver\\src\\stm32f4xx_cryp_tdes.c 0x00000000   Number         0  stm32f4xx_cryp_tdes.o ABSOLUTE
    ..\\..\\Libraries\\STM32F4xx_StdPeriph_Driver\\src\\stm32f4xx_dac.c 0x00000000   Number         0  stm32f4xx_dac.o ABSOLUTE
    ..\\..\\Libraries\\STM32F4xx_StdPeriph_Driver\\src\\stm32f4xx_dbgmcu.c 0x00000000   Number         0  stm32f4xx_dbgmcu.o ABSOLUTE
    ..\\..\\Libraries\\STM32F4xx_StdPeriph_Driver\\src\\stm32f4xx_dcmi.c 0x00000000   Number         0  stm32f4xx_dcmi.o ABSOLUTE
    ..\\..\\Libraries\\STM32F4xx_StdPeriph_Driver\\src\\stm32f4xx_dma.c 0x00000000   Number         0  stm32f4xx_dma.o ABSOLUTE
    ..\\..\\Libraries\\STM32F4xx_StdPeriph_Driver\\src\\stm32f4xx_dma2d.c 0x00000000   Number         0  stm32f4xx_dma2d.o ABSOLUTE
    ..\\..\\Libraries\\STM32F4xx_StdPeriph_Driver\\src\\stm32f4xx_exti.c 0x00000000   Number         0  stm32f4xx_exti.o ABSOLUTE
    ..\\..\\Libraries\\STM32F4xx_StdPeriph_Driver\\src\\stm32f4xx_flash.c 0x00000000   Number         0  stm32f4xx_flash.o ABSOLUTE
    ..\\..\\Libraries\\STM32F4xx_StdPeriph_Driver\\src\\stm32f4xx_flash_ramfunc.c 0x00000000   Number         0  stm32f4xx_flash_ramfunc.o ABSOLUTE
    ..\\..\\Libraries\\STM32F4xx_StdPeriph_Driver\\src\\stm32f4xx_fmc.c 0x00000000   Number         0  stm32f4xx_fmc.o ABSOLUTE
    ..\\..\\Libraries\\STM32F4xx_StdPeriph_Driver\\src\\stm32f4xx_fmpi2c.c 0x00000000   Number         0  stm32f4xx_fmpi2c.o ABSOLUTE
    ..\\..\\Libraries\\STM32F4xx_StdPeriph_Driver\\src\\stm32f4xx_gpio.c 0x00000000   Number         0  stm32f4xx_gpio.o ABSOLUTE
    ..\\..\\Libraries\\STM32F4xx_StdPeriph_Driver\\src\\stm32f4xx_hash.c 0x00000000   Number         0  stm32f4xx_hash.o ABSOLUTE
    ..\\..\\Libraries\\STM32F4xx_StdPeriph_Driver\\src\\stm32f4xx_hash_md5.c 0x00000000   Number         0  stm32f4xx_hash_md5.o ABSOLUTE
    ..\\..\\Libraries\\STM32F4xx_StdPeriph_Driver\\src\\stm32f4xx_hash_sha1.c 0x00000000   Number         0  stm32f4xx_hash_sha1.o ABSOLUTE
    ..\\..\\Libraries\\STM32F4xx_StdPeriph_Driver\\src\\stm32f4xx_i2c.c 0x00000000   Number         0  stm32f4xx_i2c.o ABSOLUTE
    ..\\..\\Libraries\\STM32F4xx_StdPeriph_Driver\\src\\stm32f4xx_iwdg.c 0x00000000   Number         0  stm32f4xx_iwdg.o ABSOLUTE
    ..\\..\\Libraries\\STM32F4xx_StdPeriph_Driver\\src\\stm32f4xx_ltdc.c 0x00000000   Number         0  stm32f4xx_ltdc.o ABSOLUTE
    ..\\..\\Libraries\\STM32F4xx_StdPeriph_Driver\\src\\stm32f4xx_pwr.c 0x00000000   Number         0  stm32f4xx_pwr.o ABSOLUTE
    ..\\..\\Libraries\\STM32F4xx_StdPeriph_Driver\\src\\stm32f4xx_qspi.c 0x00000000   Number         0  stm32f4xx_qspi.o ABSOLUTE
    ..\\..\\Libraries\\STM32F4xx_StdPeriph_Driver\\src\\stm32f4xx_rcc.c 0x00000000   Number         0  stm32f4xx_rcc.o ABSOLUTE
    ..\\..\\Libraries\\STM32F4xx_StdPeriph_Driver\\src\\stm32f4xx_rng.c 0x00000000   Number         0  stm32f4xx_rng.o ABSOLUTE
    ..\\..\\Libraries\\STM32F4xx_StdPeriph_Driver\\src\\stm32f4xx_rtc.c 0x00000000   Number         0  stm32f4xx_rtc.o ABSOLUTE
    ..\\..\\Libraries\\STM32F4xx_StdPeriph_Driver\\src\\stm32f4xx_sai.c 0x00000000   Number         0  stm32f4xx_sai.o ABSOLUTE
    ..\\..\\Libraries\\STM32F4xx_StdPeriph_Driver\\src\\stm32f4xx_sdio.c 0x00000000   Number         0  stm32f4xx_sdio.o ABSOLUTE
    ..\\..\\Libraries\\STM32F4xx_StdPeriph_Driver\\src\\stm32f4xx_spdifrx.c 0x00000000   Number         0  stm32f4xx_spdifrx.o ABSOLUTE
    ..\\..\\Libraries\\STM32F4xx_StdPeriph_Driver\\src\\stm32f4xx_spi.c 0x00000000   Number         0  stm32f4xx_spi.o ABSOLUTE
    ..\\..\\Libraries\\STM32F4xx_StdPeriph_Driver\\src\\stm32f4xx_syscfg.c 0x00000000   Number         0  stm32f4xx_syscfg.o ABSOLUTE
    ..\\..\\Libraries\\STM32F4xx_StdPeriph_Driver\\src\\stm32f4xx_tim.c 0x00000000   Number         0  stm32f4xx_tim.o ABSOLUTE
    ..\\..\\Libraries\\STM32F4xx_StdPeriph_Driver\\src\\stm32f4xx_usart.c 0x00000000   Number         0  stm32f4xx_usart.o ABSOLUTE
    ..\\..\\Libraries\\STM32F4xx_StdPeriph_Driver\\src\\stm32f4xx_wwdg.c 0x00000000   Number         0  stm32f4xx_wwdg.o ABSOLUTE
    ..\\..\\User\\basic-tim\\bsp_basic_tim.c 0x00000000   Number         0  bsp_basic_tim.o ABSOLUTE
    ..\\..\\User\\flash\\bsp_spi_flash.c     0x00000000   Number         0  bsp_spi_flash.o ABSOLUTE
    ..\\..\\User\\i2c\\i2c.c                 0x00000000   Number         0  i2c.o ABSOLUTE
    ..\\..\\User\\lcd\\bsp_lcd.c             0x00000000   Number         0  bsp_lcd.o ABSOLUTE
    ..\\..\\User\\led\\bsp_led.c             0x00000000   Number         0  bsp_led.o ABSOLUTE
    ..\\..\\User\\main.c                     0x00000000   Number         0  main.o ABSOLUTE
    ..\\..\\User\\mpu6050\\mpu6050.c         0x00000000   Number         0  mpu6050.o ABSOLUTE
    ..\\..\\User\\oled\\OLED_I2C.c           0x00000000   Number         0  oled_i2c.o ABSOLUTE
    ..\\..\\User\\sdram\\bsp_sdram.c         0x00000000   Number         0  bsp_sdram.o ABSOLUTE
    ..\\..\\User\\stm32f4xx_it.c             0x00000000   Number         0  stm32f4xx_it.o ABSOLUTE
    ..\\..\\User\\systick\\bsp_SysTick.c     0x00000000   Number         0  bsp_systick.o ABSOLUTE
    ..\\..\\User\\usart\\bsp_debug_usart.c   0x00000000   Number         0  bsp_debug_usart.o ABSOLUTE
    cdcmple.s                                0x00000000   Number         0  cdcmple.o ABSOLUTE
    cdrcmple.s                               0x00000000   Number         0  cdrcmple.o ABSOLUTE
    dc.s                                     0x00000000   Number         0  dc.o ABSOLUTE
    handlers.s                               0x00000000   Number         0  handlers.o ABSOLUTE
    init.s                                   0x00000000   Number         0  init.o ABSOLUTE
    RESET                                    0x08000000   Section      428  startup_stm32f429_439xx.o(RESET)
    .ARM.Collect$$$$00000000                 0x080001ac   Section        0  entry.o(.ARM.Collect$$$$00000000)
    .ARM.Collect$$$$00000001                 0x080001ac   Section        4  entry2.o(.ARM.Collect$$$$00000001)
    .ARM.Collect$$$$00000004                 0x080001b0   Section        4  entry5.o(.ARM.Collect$$$$00000004)
    .ARM.Collect$$$$00000008                 0x080001b4   Section        0  entry7b.o(.ARM.Collect$$$$00000008)
    .ARM.Collect$$$$0000000A                 0x080001b4   Section        0  entry8b.o(.ARM.Collect$$$$0000000A)
    .ARM.Collect$$$$0000000B                 0x080001b4   Section        8  entry9a.o(.ARM.Collect$$$$0000000B)
    .ARM.Collect$$$$0000000D                 0x080001bc   Section        0  entry10a.o(.ARM.Collect$$$$0000000D)
    .ARM.Collect$$$$0000000F                 0x080001bc   Section        0  entry11a.o(.ARM.Collect$$$$0000000F)
    .ARM.Collect$$$$00002712                 0x080001bc   Section        4  entry2.o(.ARM.Collect$$$$00002712)
    __lit__00000000                          0x080001bc   Data           4  entry2.o(.ARM.Collect$$$$00002712)
    .text                                    0x080001c0   Section       36  startup_stm32f429_439xx.o(.text)
    .text                                    0x080001e4   Section        0  memseta.o(.text)
    .text                                    0x08000208   Section        0  dadd.o(.text)
    .text                                    0x08000356   Section        0  dmul.o(.text)
    .text                                    0x0800043a   Section        0  ddiv.o(.text)
    .text                                    0x08000518   Section        0  dscalb.o(.text)
    .text                                    0x08000546   Section        0  dflti.o(.text)
    .text                                    0x08000568   Section       48  cdrcmple.o(.text)
    .text                                    0x08000598   Section        0  d2f.o(.text)
    .text                                    0x080005d0   Section        0  uidiv.o(.text)
    .text                                    0x080005fc   Section        0  llshl.o(.text)
    .text                                    0x0800061a   Section        0  llsshr.o(.text)
    .text                                    0x0800063e   Section        0  iusefp.o(.text)
    .text                                    0x0800063e   Section        0  fepilogue.o(.text)
    .text                                    0x080006ac   Section        0  depilogue.o(.text)
    .text                                    0x08000768   Section       36  init.o(.text)
    .text                                    0x0800078c   Section        0  llushr.o(.text)
    .text                                    0x080007ac   Section        0  dsqrt.o(.text)
    i.BASIC_TIMx_Config                      0x0800084e   Section        0  bsp_basic_tim.o(i.BASIC_TIMx_Config)
    i.BASIC_TIMx_Mode_Config                 0x0800085c   Section        0  bsp_basic_tim.o(i.BASIC_TIMx_Mode_Config)
    BASIC_TIMx_Mode_Config                   0x0800085d   Thumb Code    62  bsp_basic_tim.o(i.BASIC_TIMx_Mode_Config)
    i.BusFault_Handler                       0x080008a0   Section        0  stm32f4xx_it.o(i.BusFault_Handler)
    i.DebugMon_Handler                       0x080008a2   Section        0  stm32f4xx_it.o(i.DebugMon_Handler)
    i.Debug_USART_Config                     0x080008a4   Section        0  bsp_debug_usart.o(i.Debug_USART_Config)
    i.Delay_ms                               0x0800093c   Section        0  bsp_systick.o(i.Delay_ms)
    i.Delay_s                                0x08000950   Section        0  bsp_systick.o(i.Delay_s)
    i.GPIO_Init                              0x0800096a   Section        0  stm32f4xx_gpio.o(i.GPIO_Init)
    i.GPIO_PinAFConfig                       0x080009e6   Section        0  stm32f4xx_gpio.o(i.GPIO_PinAFConfig)
    i.GPIO_ResetBits                         0x08000a06   Section        0  stm32f4xx_gpio.o(i.GPIO_ResetBits)
    i.Get_I2C_Retry                          0x08000a0c   Section        0  i2c.o(i.Get_I2C_Retry)
    i.HardFault_Handler                      0x08000a18   Section        0  stm32f4xx_it.o(i.HardFault_Handler)
    i.I2C_AcknowledgeConfig                  0x08000a1a   Section        0  stm32f4xx_i2c.o(i.I2C_AcknowledgeConfig)
    i.I2C_CheckEvent                         0x08000a32   Section        0  stm32f4xx_i2c.o(i.I2C_CheckEvent)
    i.I2C_ClearFlag                          0x08000a4a   Section        0  stm32f4xx_i2c.o(i.I2C_ClearFlag)
    i.I2C_Cmd                                0x08000a50   Section        0  stm32f4xx_i2c.o(i.I2C_Cmd)
    i.I2C_Configuration                      0x08000a68   Section        0  oled_i2c.o(i.I2C_Configuration)
    i.I2C_DeInit                             0x08000b04   Section        0  stm32f4xx_i2c.o(i.I2C_DeInit)
    i.I2C_GenerateSTART                      0x08000b68   Section        0  stm32f4xx_i2c.o(i.I2C_GenerateSTART)
    i.I2C_GenerateSTOP                       0x08000b80   Section        0  stm32f4xx_i2c.o(i.I2C_GenerateSTOP)
    i.I2C_GetFlagStatus                      0x08000b98   Section        0  stm32f4xx_i2c.o(i.I2C_GetFlagStatus)
    i.I2C_Init                               0x08000bcc   Section        0  stm32f4xx_i2c.o(i.I2C_Init)
    i.I2C_ReadRegister                       0x08000c88   Section        0  stm32f4xx_i2c.o(i.I2C_ReadRegister)
    i.I2C_ReceiveData                        0x08000c98   Section        0  stm32f4xx_i2c.o(i.I2C_ReceiveData)
    i.I2C_Send7bitAddress                    0x08000c9e   Section        0  stm32f4xx_i2c.o(i.I2C_Send7bitAddress)
    i.I2C_SendData                           0x08000cb0   Section        0  stm32f4xx_i2c.o(i.I2C_SendData)
    i.I2C_SoftwareResetCmd                   0x08000cb4   Section        0  stm32f4xx_i2c.o(i.I2C_SoftwareResetCmd)
    i.I2C_WriteByte                          0x08000ccc   Section        0  oled_i2c.o(i.I2C_WriteByte)
    i.I2Cx_TIMEOUT_UserCallback              0x08000d58   Section        0  i2c.o(i.I2Cx_TIMEOUT_UserCallback)
    I2Cx_TIMEOUT_UserCallback                0x08000d59   Thumb Code   100  i2c.o(i.I2Cx_TIMEOUT_UserCallback)
    i.I2cMaster_Init                         0x08000df4   Section        0  i2c.o(i.I2cMaster_Init)
    i.LED_GPIO_Config                        0x08000e98   Section        0  bsp_led.o(i.LED_GPIO_Config)
    i.MPU6050ReadAcc                         0x08000f0c   Section        0  mpu6050.o(i.MPU6050ReadAcc)
    i.MPU6050ReadGyro                        0x08000f46   Section        0  mpu6050.o(i.MPU6050ReadGyro)
    i.MPU6050ReadID                          0x08000f80   Section        0  mpu6050.o(i.MPU6050ReadID)
    i.MPU6050_Get_Angle                      0x08000fd4   Section        0  main.o(i.MPU6050_Get_Angle)
    i.MPU6050_Init                           0x08001070   Section        0  mpu6050.o(i.MPU6050_Init)
    i.MPU6050_ReadData                       0x080010b2   Section        0  mpu6050.o(i.MPU6050_ReadData)
    i.MPU6050_ReturnTemp                     0x080010bc   Section        0  mpu6050.o(i.MPU6050_ReturnTemp)
    i.MPU6050_WriteReg                       0x08001100   Section        0  mpu6050.o(i.MPU6050_WriteReg)
    i.MemManage_Handler                      0x08001110   Section        0  stm32f4xx_it.o(i.MemManage_Handler)
    i.NMI_Handler                            0x08001112   Section        0  stm32f4xx_it.o(i.NMI_Handler)
    i.NVIC_Init                              0x08001114   Section        0  misc.o(i.NVIC_Init)
    i.NVIC_PriorityGroupConfig               0x0800117c   Section        0  misc.o(i.NVIC_PriorityGroupConfig)
    i.OLED_Fill                              0x08001190   Section        0  oled_i2c.o(i.OLED_Fill)
    i.OLED_Init                              0x080011c6   Section        0  oled_i2c.o(i.OLED_Init)
    i.OLED_SetPos                            0x0800127a   Section        0  oled_i2c.o(i.OLED_SetPos)
    i.OLED_ShowStr                           0x080012a0   Section        0  oled_i2c.o(i.OLED_ShowStr)
    i.PendSV_Handler                         0x0800136c   Section        0  stm32f4xx_it.o(i.PendSV_Handler)
    i.RCC_AHB1PeriphClockCmd                 0x08001370   Section        0  stm32f4xx_rcc.o(i.RCC_AHB1PeriphClockCmd)
    i.RCC_APB1PeriphClockCmd                 0x0800138c   Section        0  stm32f4xx_rcc.o(i.RCC_APB1PeriphClockCmd)
    i.RCC_APB1PeriphResetCmd                 0x080013a8   Section        0  stm32f4xx_rcc.o(i.RCC_APB1PeriphResetCmd)
    i.RCC_APB2PeriphClockCmd                 0x080013c4   Section        0  stm32f4xx_rcc.o(i.RCC_APB2PeriphClockCmd)
    i.RCC_GetClocksFreq                      0x080013e0   Section        0  stm32f4xx_rcc.o(i.RCC_GetClocksFreq)
    i.SPI_Cmd                                0x08001484   Section        0  stm32f4xx_spi.o(i.SPI_Cmd)
    i.SPI_FLASH_BufferRead                   0x0800149c   Section        0  bsp_spi_flash.o(i.SPI_FLASH_BufferRead)
    i.SPI_FLASH_BufferWrite                  0x080014e8   Section        0  bsp_spi_flash.o(i.SPI_FLASH_BufferWrite)
    i.SPI_FLASH_Init                         0x080015bc   Section        0  bsp_spi_flash.o(i.SPI_FLASH_Init)
    i.SPI_FLASH_PageWrite                    0x08001694   Section        0  bsp_spi_flash.o(i.SPI_FLASH_PageWrite)
    i.SPI_FLASH_ReadDeviceID                 0x08001728   Section        0  bsp_spi_flash.o(i.SPI_FLASH_ReadDeviceID)
    i.SPI_FLASH_ReadID                       0x0800175c   Section        0  bsp_spi_flash.o(i.SPI_FLASH_ReadID)
    i.SPI_FLASH_SectorErase                  0x08001798   Section        0  bsp_spi_flash.o(i.SPI_FLASH_SectorErase)
    i.SPI_FLASH_SendByte                     0x080017d8   Section        0  bsp_spi_flash.o(i.SPI_FLASH_SendByte)
    i.SPI_FLASH_WaitForWriteEnd              0x08001848   Section        0  bsp_spi_flash.o(i.SPI_FLASH_WaitForWriteEnd)
    i.SPI_FLASH_WriteEnable                  0x08001888   Section        0  bsp_spi_flash.o(i.SPI_FLASH_WriteEnable)
    i.SPI_I2S_GetFlagStatus                  0x080018a4   Section        0  stm32f4xx_spi.o(i.SPI_I2S_GetFlagStatus)
    i.SPI_I2S_ReceiveData                    0x080018b2   Section        0  stm32f4xx_spi.o(i.SPI_I2S_ReceiveData)
    i.SPI_I2S_SendData                       0x080018b6   Section        0  stm32f4xx_spi.o(i.SPI_I2S_SendData)
    i.SPI_Init                               0x080018ba   Section        0  stm32f4xx_spi.o(i.SPI_Init)
    i.SPI_TIMEOUT_UserCallback               0x080018f4   Section        0  bsp_spi_flash.o(i.SPI_TIMEOUT_UserCallback)
    SPI_TIMEOUT_UserCallback                 0x080018f5   Thumb Code    14  bsp_spi_flash.o(i.SPI_TIMEOUT_UserCallback)
    i.ST_Sensors_I2C_ReadRegister            0x08001934   Section        0  i2c.o(i.ST_Sensors_I2C_ReadRegister)
    ST_Sensors_I2C_ReadRegister              0x08001935   Thumb Code   998  i2c.o(i.ST_Sensors_I2C_ReadRegister)
    i.ST_Sensors_I2C_WriteRegister           0x08001d28   Section        0  i2c.o(i.ST_Sensors_I2C_WriteRegister)
    ST_Sensors_I2C_WriteRegister             0x08001d29   Thumb Code   336  i2c.o(i.ST_Sensors_I2C_WriteRegister)
    i.SVC_Handler                            0x08001e84   Section        0  stm32f4xx_it.o(i.SVC_Handler)
    i.Sensors_I2C_ReadRegister               0x08001e86   Section        0  i2c.o(i.Sensors_I2C_ReadRegister)
    i.Sensors_I2C_WriteRegister              0x08001ec4   Section        0  i2c.o(i.Sensors_I2C_WriteRegister)
    i.SetSysClock                            0x08001f04   Section        0  system_stm32f4xx.o(i.SetSysClock)
    SetSysClock                              0x08001f05   Thumb Code   196  system_stm32f4xx.o(i.SetSysClock)
    i.SysTick_Handler                        0x08001fd8   Section        0  stm32f4xx_it.o(i.SysTick_Handler)
    i.SysTick_Init                           0x08002048   Section        0  bsp_systick.o(i.SysTick_Init)
    i.SystemInit                             0x08002088   Section        0  system_stm32f4xx.o(i.SystemInit)
    i.TIM6_DAC_IRQHandler                    0x080020d8   Section        0  stm32f4xx_it.o(i.TIM6_DAC_IRQHandler)
    i.TIM_ClearFlag                          0x08002130   Section        0  stm32f4xx_tim.o(i.TIM_ClearFlag)
    i.TIM_ClearITPendingBit                  0x08002136   Section        0  stm32f4xx_tim.o(i.TIM_ClearITPendingBit)
    i.TIM_Cmd                                0x0800213c   Section        0  stm32f4xx_tim.o(i.TIM_Cmd)
    i.TIM_GetITStatus                        0x08002154   Section        0  stm32f4xx_tim.o(i.TIM_GetITStatus)
    i.TIM_ITConfig                           0x0800216c   Section        0  stm32f4xx_tim.o(i.TIM_ITConfig)
    i.TIM_TimeBaseInit                       0x08002180   Section        0  stm32f4xx_tim.o(i.TIM_TimeBaseInit)
    i.TIMx_NVIC_Configuration                0x080021fc   Section        0  bsp_basic_tim.o(i.TIMx_NVIC_Configuration)
    TIMx_NVIC_Configuration                  0x080021fd   Thumb Code    42  bsp_basic_tim.o(i.TIMx_NVIC_Configuration)
    i.TimingDelay_Decrement                  0x08002228   Section        0  bsp_systick.o(i.TimingDelay_Decrement)
    i.USART_Cmd                              0x0800223c   Section        0  stm32f4xx_usart.o(i.USART_Cmd)
    i.USART_GetFlagStatus                    0x08002254   Section        0  stm32f4xx_usart.o(i.USART_GetFlagStatus)
    i.USART_Init                             0x08002264   Section        0  stm32f4xx_usart.o(i.USART_Init)
    i.USART_SendData                         0x08002320   Section        0  stm32f4xx_usart.o(i.USART_SendData)
    i.UsageFault_Handler                     0x08002328   Section        0  stm32f4xx_it.o(i.UsageFault_Handler)
    i.WriteCmd                               0x0800232a   Section        0  oled_i2c.o(i.WriteCmd)
    i.WriteDat                               0x08002332   Section        0  oled_i2c.o(i.WriteDat)
    i.__0printf$1                            0x0800233c   Section        0  printf1.o(i.__0printf$1)
    i.__0sprintf$1                           0x0800235c   Section        0  printf1.o(i.__0sprintf$1)
    i.__kernel_poly                          0x08002384   Section        0  poly.o(i.__kernel_poly)
    i.__mathlib_dbl_infnan                   0x0800242e   Section        0  dunder.o(i.__mathlib_dbl_infnan)
    i.__mathlib_dbl_invalid                  0x08002434   Section        0  dunder.o(i.__mathlib_dbl_invalid)
    i.__scatterload_copy                     0x08002440   Section       14  handlers.o(i.__scatterload_copy)
    i.__scatterload_null                     0x0800244e   Section        2  handlers.o(i.__scatterload_null)
    i.__scatterload_zeroinit                 0x08002450   Section       14  handlers.o(i.__scatterload_zeroinit)
    i.__set_errno                            0x08002460   Section        0  errno.o(i.__set_errno)
    i._printf_core                           0x0800246c   Section        0  printf1.o(i._printf_core)
    _printf_core                             0x0800246d   Thumb Code   336  printf1.o(i._printf_core)
    i._sputc                                 0x080025c0   Section        0  printf1.o(i._sputc)
    _sputc                                   0x080025c1   Thumb Code    10  printf1.o(i._sputc)
    i.acos                                   0x080025cc   Section        0  acos.o(i.acos)
    i.delay_ms                               0x08002848   Section        0  main.o(i.delay_ms)
    i.fputc                                  0x08002860   Section        0  bsp_debug_usart.o(i.fputc)
    i.main                                   0x08002884   Section        0  main.o(i.main)
    i.sqrt                                   0x08002a3c   Section        0  sqrt.o(i.sqrt)
    .constdata                               0x08002a88   Section     2072  oled_i2c.o(.constdata)
    .constdata                               0x080032a0   Section       80  acos.o(.constdata)
    pS                                       0x080032a0   Data          48  acos.o(.constdata)
    qS                                       0x080032d0   Data          32  acos.o(.constdata)
    .conststring                             0x080032f0   Section       89  mpu6050.o(.conststring)
    .data                                    0x20000000   Section       20  system_stm32f4xx.o(.data)
    .data                                    0x20000014   Section       16  stm32f4xx_rcc.o(.data)
    APBAHBPrescTable                         0x20000014   Data          16  stm32f4xx_rcc.o(.data)
    .data                                    0x20000024   Section       18  main.o(.data)
    .data                                    0x20000036   Section        6  main.o(.data)
    .data                                    0x2000003c   Section        4  main.o(.data)
    .data                                    0x20000040   Section       12  stm32f4xx_it.o(.data)
    .data                                    0x2000004c   Section        8  bsp_systick.o(.data)
    g_ul_ms_ticks                            0x2000004c   Data           4  bsp_systick.o(.data)
    TimingDelay                              0x20000050   Data           4  bsp_systick.o(.data)
    .data                                    0x20000054   Section        2  i2c.o(.data)
    RETRY_IN_MLSEC                           0x20000054   Data           2  i2c.o(.data)
    .data                                    0x20000058   Section        4  bsp_spi_flash.o(.data)
    SPITimeout                               0x20000058   Data           4  bsp_spi_flash.o(.data)
    .data                                    0x2000005c   Section        4  stdout.o(.data)
    .data                                    0x20000060   Section        4  errno.o(.data)
    _errno                                   0x20000060   Data           4  errno.o(.data)
    STACK                                    0x20000068   Section     1024  startup_stm32f429_439xx.o(STACK)

    Global Symbols

    Symbol Name                              Value     Ov Type        Size  Object(Section)

    BuildAttributes$$THM_ISAv4$E$P$D$K$B$S$7EM$PE$A:L22UL41UL21$X:L11$S22US41US21$IEEE1$IW$USESV6$~STKCKD$USESV7$~SHL$OTIME$ROPI$IEEEX$EBA8$MICROLIB$REQ8$PRES8$EABIv2 0x00000000   Number         0  anon$$obj.o ABSOLUTE
    __ARM_use_no_argv                        0x00000000   Number         0  main.o ABSOLUTE
    _printf_a                                0x00000000   Number         0  stubs.o ABSOLUTE
    _printf_c                                0x00000000   Number         0  stubs.o ABSOLUTE
    _printf_charcount                        0x00000000   Number         0  stubs.o ABSOLUTE
    _printf_d                                0x00000000   Number         0  stubs.o ABSOLUTE
    _printf_e                                0x00000000   Number         0  stubs.o ABSOLUTE
    _printf_f                                0x00000000   Number         0  stubs.o ABSOLUTE
    _printf_flags                            0x00000000   Number         0  stubs.o ABSOLUTE
    _printf_fp_dec                           0x00000000   Number         0  stubs.o ABSOLUTE
    _printf_fp_hex                           0x00000000   Number         0  stubs.o ABSOLUTE
    _printf_g                                0x00000000   Number         0  stubs.o ABSOLUTE
    _printf_i                                0x00000000   Number         0  stubs.o ABSOLUTE
    _printf_int_dec                          0x00000000   Number         0  stubs.o ABSOLUTE
    _printf_l                                0x00000000   Number         0  stubs.o ABSOLUTE
    _printf_lc                               0x00000000   Number         0  stubs.o ABSOLUTE
    _printf_ll                               0x00000000   Number         0  stubs.o ABSOLUTE
    _printf_lld                              0x00000000   Number         0  stubs.o ABSOLUTE
    _printf_lli                              0x00000000   Number         0  stubs.o ABSOLUTE
    _printf_llo                              0x00000000   Number         0  stubs.o ABSOLUTE
    _printf_llu                              0x00000000   Number         0  stubs.o ABSOLUTE
    _printf_llx                              0x00000000   Number         0  stubs.o ABSOLUTE
    _printf_longlong_dec                     0x00000000   Number         0  stubs.o ABSOLUTE
    _printf_longlong_hex                     0x00000000   Number         0  stubs.o ABSOLUTE
    _printf_longlong_oct                     0x00000000   Number         0  stubs.o ABSOLUTE
    _printf_ls                               0x00000000   Number         0  stubs.o ABSOLUTE
    _printf_mbtowc                           0x00000000   Number         0  stubs.o ABSOLUTE
    _printf_n                                0x00000000   Number         0  stubs.o ABSOLUTE
    _printf_o                                0x00000000   Number         0  stubs.o ABSOLUTE
    _printf_p                                0x00000000   Number         0  stubs.o ABSOLUTE
    _printf_percent                          0x00000000   Number         0  stubs.o ABSOLUTE
    _printf_pre_padding                      0x00000000   Number         0  stubs.o ABSOLUTE
    _printf_return_value                     0x00000000   Number         0  stubs.o ABSOLUTE
    _printf_s                                0x00000000   Number         0  stubs.o ABSOLUTE
    _printf_sizespec                         0x00000000   Number         0  stubs.o ABSOLUTE
    _printf_str                              0x00000000   Number         0  stubs.o ABSOLUTE
    _printf_truncate_signed                  0x00000000   Number         0  stubs.o ABSOLUTE
    _printf_truncate_unsigned                0x00000000   Number         0  stubs.o ABSOLUTE
    _printf_u                                0x00000000   Number         0  stubs.o ABSOLUTE
    _printf_wc                               0x00000000   Number         0  stubs.o ABSOLUTE
    _printf_wctomb                           0x00000000   Number         0  stubs.o ABSOLUTE
    _printf_widthprec                        0x00000000   Number         0  stubs.o ABSOLUTE
    _printf_x                                0x00000000   Number         0  stubs.o ABSOLUTE
    __cpp_initialize__aeabi_                  - Undefined Weak Reference
    __cxa_finalize                            - Undefined Weak Reference
    __decompress                              - Undefined Weak Reference
    _clock_init                               - Undefined Weak Reference
    _microlib_exit                            - Undefined Weak Reference
    __Vectors_Size                           0x000001ac   Number         0  startup_stm32f429_439xx.o ABSOLUTE
    __Vectors                                0x08000000   Data           4  startup_stm32f429_439xx.o(RESET)
    __Vectors_End                            0x080001ac   Data           0  startup_stm32f429_439xx.o(RESET)
    __main                                   0x080001ad   Thumb Code     0  entry.o(.ARM.Collect$$$$00000000)
    _main_stk                                0x080001ad   Thumb Code     0  entry2.o(.ARM.Collect$$$$00000001)
    _main_scatterload                        0x080001b1   Thumb Code     0  entry5.o(.ARM.Collect$$$$00000004)
    __main_after_scatterload                 0x080001b5   Thumb Code     0  entry5.o(.ARM.Collect$$$$00000004)
    _main_clock                              0x080001b5   Thumb Code     0  entry7b.o(.ARM.Collect$$$$00000008)
    _main_cpp_init                           0x080001b5   Thumb Code     0  entry8b.o(.ARM.Collect$$$$0000000A)
    _main_init                               0x080001b5   Thumb Code     0  entry9a.o(.ARM.Collect$$$$0000000B)
    __rt_final_cpp                           0x080001bd   Thumb Code     0  entry10a.o(.ARM.Collect$$$$0000000D)
    __rt_final_exit                          0x080001bd   Thumb Code     0  entry11a.o(.ARM.Collect$$$$0000000F)
    Reset_Handler                            0x080001c1   Thumb Code     8  startup_stm32f429_439xx.o(.text)
    ADC_IRQHandler                           0x080001db   Thumb Code     0  startup_stm32f429_439xx.o(.text)
    CAN1_RX0_IRQHandler                      0x080001db   Thumb Code     0  startup_stm32f429_439xx.o(.text)
    CAN1_RX1_IRQHandler                      0x080001db   Thumb Code     0  startup_stm32f429_439xx.o(.text)
    CAN1_SCE_IRQHandler                      0x080001db   Thumb Code     0  startup_stm32f429_439xx.o(.text)
    CAN1_TX_IRQHandler                       0x080001db   Thumb Code     0  startup_stm32f429_439xx.o(.text)
    CAN2_RX0_IRQHandler                      0x080001db   Thumb Code     0  startup_stm32f429_439xx.o(.text)
    CAN2_RX1_IRQHandler                      0x080001db   Thumb Code     0  startup_stm32f429_439xx.o(.text)
    CAN2_SCE_IRQHandler                      0x080001db   Thumb Code     0  startup_stm32f429_439xx.o(.text)
    CAN2_TX_IRQHandler                       0x080001db   Thumb Code     0  startup_stm32f429_439xx.o(.text)
    CRYP_IRQHandler                          0x080001db   Thumb Code     0  startup_stm32f429_439xx.o(.text)
    DCMI_IRQHandler                          0x080001db   Thumb Code     0  startup_stm32f429_439xx.o(.text)
    DMA1_Stream0_IRQHandler                  0x080001db   Thumb Code     0  startup_stm32f429_439xx.o(.text)
    DMA1_Stream1_IRQHandler                  0x080001db   Thumb Code     0  startup_stm32f429_439xx.o(.text)
    DMA1_Stream2_IRQHandler                  0x080001db   Thumb Code     0  startup_stm32f429_439xx.o(.text)
    DMA1_Stream3_IRQHandler                  0x080001db   Thumb Code     0  startup_stm32f429_439xx.o(.text)
    DMA1_Stream4_IRQHandler                  0x080001db   Thumb Code     0  startup_stm32f429_439xx.o(.text)
    DMA1_Stream5_IRQHandler                  0x080001db   Thumb Code     0  startup_stm32f429_439xx.o(.text)
    DMA1_Stream6_IRQHandler                  0x080001db   Thumb Code     0  startup_stm32f429_439xx.o(.text)
    DMA1_Stream7_IRQHandler                  0x080001db   Thumb Code     0  startup_stm32f429_439xx.o(.text)
    DMA2D_IRQHandler                         0x080001db   Thumb Code     0  startup_stm32f429_439xx.o(.text)
    DMA2_Stream0_IRQHandler                  0x080001db   Thumb Code     0  startup_stm32f429_439xx.o(.text)
    DMA2_Stream1_IRQHandler                  0x080001db   Thumb Code     0  startup_stm32f429_439xx.o(.text)
    DMA2_Stream2_IRQHandler                  0x080001db   Thumb Code     0  startup_stm32f429_439xx.o(.text)
    DMA2_Stream3_IRQHandler                  0x080001db   Thumb Code     0  startup_stm32f429_439xx.o(.text)
    DMA2_Stream4_IRQHandler                  0x080001db   Thumb Code     0  startup_stm32f429_439xx.o(.text)
    DMA2_Stream5_IRQHandler                  0x080001db   Thumb Code     0  startup_stm32f429_439xx.o(.text)
    DMA2_Stream6_IRQHandler                  0x080001db   Thumb Code     0  startup_stm32f429_439xx.o(.text)
    DMA2_Stream7_IRQHandler                  0x080001db   Thumb Code     0  startup_stm32f429_439xx.o(.text)
    ETH_IRQHandler                           0x080001db   Thumb Code     0  startup_stm32f429_439xx.o(.text)
    ETH_WKUP_IRQHandler                      0x080001db   Thumb Code     0  startup_stm32f429_439xx.o(.text)
    EXTI0_IRQHandler                         0x080001db   Thumb Code     0  startup_stm32f429_439xx.o(.text)
    EXTI15_10_IRQHandler                     0x080001db   Thumb Code     0  startup_stm32f429_439xx.o(.text)
    EXTI1_IRQHandler                         0x080001db   Thumb Code     0  startup_stm32f429_439xx.o(.text)
    EXTI2_IRQHandler                         0x080001db   Thumb Code     0  startup_stm32f429_439xx.o(.text)
    EXTI3_IRQHandler                         0x080001db   Thumb Code     0  startup_stm32f429_439xx.o(.text)
    EXTI4_IRQHandler                         0x080001db   Thumb Code     0  startup_stm32f429_439xx.o(.text)
    EXTI9_5_IRQHandler                       0x080001db   Thumb Code     0  startup_stm32f429_439xx.o(.text)
    FLASH_IRQHandler                         0x080001db   Thumb Code     0  startup_stm32f429_439xx.o(.text)
    FMC_IRQHandler                           0x080001db   Thumb Code     0  startup_stm32f429_439xx.o(.text)
    FPU_IRQHandler                           0x080001db   Thumb Code     0  startup_stm32f429_439xx.o(.text)
    HASH_RNG_IRQHandler                      0x080001db   Thumb Code     0  startup_stm32f429_439xx.o(.text)
    I2C1_ER_IRQHandler                       0x080001db   Thumb Code     0  startup_stm32f429_439xx.o(.text)
    I2C1_EV_IRQHandler                       0x080001db   Thumb Code     0  startup_stm32f429_439xx.o(.text)
    I2C2_ER_IRQHandler                       0x080001db   Thumb Code     0  startup_stm32f429_439xx.o(.text)
    I2C2_EV_IRQHandler                       0x080001db   Thumb Code     0  startup_stm32f429_439xx.o(.text)
    I2C3_ER_IRQHandler                       0x080001db   Thumb Code     0  startup_stm32f429_439xx.o(.text)
    I2C3_EV_IRQHandler                       0x080001db   Thumb Code     0  startup_stm32f429_439xx.o(.text)
    LTDC_ER_IRQHandler                       0x080001db   Thumb Code     0  startup_stm32f429_439xx.o(.text)
    LTDC_IRQHandler                          0x080001db   Thumb Code     0  startup_stm32f429_439xx.o(.text)
    OTG_FS_IRQHandler                        0x080001db   Thumb Code     0  startup_stm32f429_439xx.o(.text)
    OTG_FS_WKUP_IRQHandler                   0x080001db   Thumb Code     0  startup_stm32f429_439xx.o(.text)
    OTG_HS_EP1_IN_IRQHandler                 0x080001db   Thumb Code     0  startup_stm32f429_439xx.o(.text)
    OTG_HS_EP1_OUT_IRQHandler                0x080001db   Thumb Code     0  startup_stm32f429_439xx.o(.text)
    OTG_HS_IRQHandler                        0x080001db   Thumb Code     0  startup_stm32f429_439xx.o(.text)
    OTG_HS_WKUP_IRQHandler                   0x080001db   Thumb Code     0  startup_stm32f429_439xx.o(.text)
    PVD_IRQHandler                           0x080001db   Thumb Code     0  startup_stm32f429_439xx.o(.text)
    RCC_IRQHandler                           0x080001db   Thumb Code     0  startup_stm32f429_439xx.o(.text)
    RTC_Alarm_IRQHandler                     0x080001db   Thumb Code     0  startup_stm32f429_439xx.o(.text)
    RTC_WKUP_IRQHandler                      0x080001db   Thumb Code     0  startup_stm32f429_439xx.o(.text)
    SAI1_IRQHandler                          0x080001db   Thumb Code     0  startup_stm32f429_439xx.o(.text)
    SDIO_IRQHandler                          0x080001db   Thumb Code     0  startup_stm32f429_439xx.o(.text)
    SPI1_IRQHandler                          0x080001db   Thumb Code     0  startup_stm32f429_439xx.o(.text)
    SPI2_IRQHandler                          0x080001db   Thumb Code     0  startup_stm32f429_439xx.o(.text)
    SPI3_IRQHandler                          0x080001db   Thumb Code     0  startup_stm32f429_439xx.o(.text)
    SPI4_IRQHandler                          0x080001db   Thumb Code     0  startup_stm32f429_439xx.o(.text)
    SPI5_IRQHandler                          0x080001db   Thumb Code     0  startup_stm32f429_439xx.o(.text)
    SPI6_IRQHandler                          0x080001db   Thumb Code     0  startup_stm32f429_439xx.o(.text)
    TAMP_STAMP_IRQHandler                    0x080001db   Thumb Code     0  startup_stm32f429_439xx.o(.text)
    TIM1_BRK_TIM9_IRQHandler                 0x080001db   Thumb Code     0  startup_stm32f429_439xx.o(.text)
    TIM1_CC_IRQHandler                       0x080001db   Thumb Code     0  startup_stm32f429_439xx.o(.text)
    TIM1_TRG_COM_TIM11_IRQHandler            0x080001db   Thumb Code     0  startup_stm32f429_439xx.o(.text)
    TIM1_UP_TIM10_IRQHandler                 0x080001db   Thumb Code     0  startup_stm32f429_439xx.o(.text)
    TIM2_IRQHandler                          0x080001db   Thumb Code     0  startup_stm32f429_439xx.o(.text)
    TIM3_IRQHandler                          0x080001db   Thumb Code     0  startup_stm32f429_439xx.o(.text)
    TIM4_IRQHandler                          0x080001db   Thumb Code     0  startup_stm32f429_439xx.o(.text)
    TIM5_IRQHandler                          0x080001db   Thumb Code     0  startup_stm32f429_439xx.o(.text)
    TIM7_IRQHandler                          0x080001db   Thumb Code     0  startup_stm32f429_439xx.o(.text)
    TIM8_BRK_TIM12_IRQHandler                0x080001db   Thumb Code     0  startup_stm32f429_439xx.o(.text)
    TIM8_CC_IRQHandler                       0x080001db   Thumb Code     0  startup_stm32f429_439xx.o(.text)
    TIM8_TRG_COM_TIM14_IRQHandler            0x080001db   Thumb Code     0  startup_stm32f429_439xx.o(.text)
    TIM8_UP_TIM13_IRQHandler                 0x080001db   Thumb Code     0  startup_stm32f429_439xx.o(.text)
    UART4_IRQHandler                         0x080001db   Thumb Code     0  startup_stm32f429_439xx.o(.text)
    UART5_IRQHandler                         0x080001db   Thumb Code     0  startup_stm32f429_439xx.o(.text)
    UART7_IRQHandler                         0x080001db   Thumb Code     0  startup_stm32f429_439xx.o(.text)
    UART8_IRQHandler                         0x080001db   Thumb Code     0  startup_stm32f429_439xx.o(.text)
    USART1_IRQHandler                        0x080001db   Thumb Code     0  startup_stm32f429_439xx.o(.text)
    USART2_IRQHandler                        0x080001db   Thumb Code     0  startup_stm32f429_439xx.o(.text)
    USART3_IRQHandler                        0x080001db   Thumb Code     0  startup_stm32f429_439xx.o(.text)
    USART6_IRQHandler                        0x080001db   Thumb Code     0  startup_stm32f429_439xx.o(.text)
    WWDG_IRQHandler                          0x080001db   Thumb Code     0  startup_stm32f429_439xx.o(.text)
    __aeabi_memset                           0x080001e5   Thumb Code    14  memseta.o(.text)
    __aeabi_memset4                          0x080001e5   Thumb Code     0  memseta.o(.text)
    __aeabi_memset8                          0x080001e5   Thumb Code     0  memseta.o(.text)
    __aeabi_memclr                           0x080001f3   Thumb Code     4  memseta.o(.text)
    __aeabi_memclr4                          0x080001f3   Thumb Code     0  memseta.o(.text)
    __aeabi_memclr8                          0x080001f3   Thumb Code     0  memseta.o(.text)
    _memset$wrapper                          0x080001f7   Thumb Code    18  memseta.o(.text)
    __aeabi_dadd                             0x08000209   Thumb Code   322  dadd.o(.text)
    __aeabi_dsub                             0x0800034b   Thumb Code     6  dadd.o(.text)
    __aeabi_drsub                            0x08000351   Thumb Code     6  dadd.o(.text)
    __aeabi_dmul                             0x08000357   Thumb Code   228  dmul.o(.text)
    __aeabi_ddiv                             0x0800043b   Thumb Code   222  ddiv.o(.text)
    __ARM_scalbn                             0x08000519   Thumb Code    46  dscalb.o(.text)
    scalbn                                   0x08000519   Thumb Code     0  dscalb.o(.text)
    __aeabi_i2d                              0x08000547   Thumb Code    34  dflti.o(.text)
    __aeabi_cdrcmple                         0x08000569   Thumb Code    48  cdrcmple.o(.text)
    __aeabi_d2f                              0x08000599   Thumb Code    56  d2f.o(.text)
    __aeabi_uidiv                            0x080005d1   Thumb Code     0  uidiv.o(.text)
    __aeabi_uidivmod                         0x080005d1   Thumb Code    44  uidiv.o(.text)
    __aeabi_llsl                             0x080005fd   Thumb Code    30  llshl.o(.text)
    _ll_shift_l                              0x080005fd   Thumb Code     0  llshl.o(.text)
    __aeabi_lasr                             0x0800061b   Thumb Code    36  llsshr.o(.text)
    _ll_sshift_r                             0x0800061b   Thumb Code     0  llsshr.o(.text)
    __I$use$fp                               0x0800063f   Thumb Code     0  iusefp.o(.text)
    _float_round                             0x0800063f   Thumb Code    18  fepilogue.o(.text)
    _float_epilogue                          0x08000651   Thumb Code    92  fepilogue.o(.text)
    _double_round                            0x080006ad   Thumb Code    30  depilogue.o(.text)
    _double_epilogue                         0x080006cb   Thumb Code   156  depilogue.o(.text)
    __scatterload                            0x08000769   Thumb Code    28  init.o(.text)
    __scatterload_rt2                        0x08000769   Thumb Code     0  init.o(.text)
    __aeabi_llsr                             0x0800078d   Thumb Code    32  llushr.o(.text)
    _ll_ushift_r                             0x0800078d   Thumb Code     0  llushr.o(.text)
    _dsqrt                                   0x080007ad   Thumb Code   162  dsqrt.o(.text)
    BASIC_TIMx_Config                        0x0800084f   Thumb Code    14  bsp_basic_tim.o(i.BASIC_TIMx_Config)
    BusFault_Handler                         0x080008a1   Thumb Code     2  stm32f4xx_it.o(i.BusFault_Handler)
    DebugMon_Handler                         0x080008a3   Thumb Code     2  stm32f4xx_it.o(i.DebugMon_Handler)
    Debug_USART_Config                       0x080008a5   Thumb Code   142  bsp_debug_usart.o(i.Debug_USART_Config)
    Delay_ms                                 0x0800093d   Thumb Code    16  bsp_systick.o(i.Delay_ms)
    Delay_s                                  0x08000951   Thumb Code    26  bsp_systick.o(i.Delay_s)
    GPIO_Init                                0x0800096b   Thumb Code   124  stm32f4xx_gpio.o(i.GPIO_Init)
    GPIO_PinAFConfig                         0x080009e7   Thumb Code    32  stm32f4xx_gpio.o(i.GPIO_PinAFConfig)
    GPIO_ResetBits                           0x08000a07   Thumb Code     4  stm32f4xx_gpio.o(i.GPIO_ResetBits)
    Get_I2C_Retry                            0x08000a0d   Thumb Code     6  i2c.o(i.Get_I2C_Retry)
    HardFault_Handler                        0x08000a19   Thumb Code     2  stm32f4xx_it.o(i.HardFault_Handler)
    I2C_AcknowledgeConfig                    0x08000a1b   Thumb Code    24  stm32f4xx_i2c.o(i.I2C_AcknowledgeConfig)
    I2C_CheckEvent                           0x08000a33   Thumb Code    24  stm32f4xx_i2c.o(i.I2C_CheckEvent)
    I2C_ClearFlag                            0x08000a4b   Thumb Code     6  stm32f4xx_i2c.o(i.I2C_ClearFlag)
    I2C_Cmd                                  0x08000a51   Thumb Code    24  stm32f4xx_i2c.o(i.I2C_Cmd)
    I2C_Configuration                        0x08000a69   Thumb Code   144  oled_i2c.o(i.I2C_Configuration)
    I2C_DeInit                               0x08000b05   Thumb Code    88  stm32f4xx_i2c.o(i.I2C_DeInit)
    I2C_GenerateSTART                        0x08000b69   Thumb Code    24  stm32f4xx_i2c.o(i.I2C_GenerateSTART)
    I2C_GenerateSTOP                         0x08000b81   Thumb Code    24  stm32f4xx_i2c.o(i.I2C_GenerateSTOP)
    I2C_GetFlagStatus                        0x08000b99   Thumb Code    50  stm32f4xx_i2c.o(i.I2C_GetFlagStatus)
    I2C_Init                                 0x08000bcd   Thumb Code   178  stm32f4xx_i2c.o(i.I2C_Init)
    I2C_ReadRegister                         0x08000c89   Thumb Code    16  stm32f4xx_i2c.o(i.I2C_ReadRegister)
    I2C_ReceiveData                          0x08000c99   Thumb Code     6  stm32f4xx_i2c.o(i.I2C_ReceiveData)
    I2C_Send7bitAddress                      0x08000c9f   Thumb Code    18  stm32f4xx_i2c.o(i.I2C_Send7bitAddress)
    I2C_SendData                             0x08000cb1   Thumb Code     4  stm32f4xx_i2c.o(i.I2C_SendData)
    I2C_SoftwareResetCmd                     0x08000cb5   Thumb Code    24  stm32f4xx_i2c.o(i.I2C_SoftwareResetCmd)
    I2C_WriteByte                            0x08000ccd   Thumb Code   128  oled_i2c.o(i.I2C_WriteByte)
    I2cMaster_Init                           0x08000df5   Thumb Code   150  i2c.o(i.I2cMaster_Init)
    LED_GPIO_Config                          0x08000e99   Thumb Code   106  bsp_led.o(i.LED_GPIO_Config)
    MPU6050ReadAcc                           0x08000f0d   Thumb Code    58  mpu6050.o(i.MPU6050ReadAcc)
    MPU6050ReadGyro                          0x08000f47   Thumb Code    58  mpu6050.o(i.MPU6050ReadGyro)
    MPU6050ReadID                            0x08000f81   Thumb Code    44  mpu6050.o(i.MPU6050ReadID)
    MPU6050_Get_Angle                        0x08000fd5   Thumb Code   144  main.o(i.MPU6050_Get_Angle)
    MPU6050_Init                             0x08001071   Thumb Code    66  mpu6050.o(i.MPU6050_Init)
    MPU6050_ReadData                         0x080010b3   Thumb Code    10  mpu6050.o(i.MPU6050_ReadData)
    MPU6050_ReturnTemp                       0x080010bd   Thumb Code    56  mpu6050.o(i.MPU6050_ReturnTemp)
    MPU6050_WriteReg                         0x08001101   Thumb Code    16  mpu6050.o(i.MPU6050_WriteReg)
    MemManage_Handler                        0x08001111   Thumb Code     2  stm32f4xx_it.o(i.MemManage_Handler)
    NMI_Handler                              0x08001113   Thumb Code     2  stm32f4xx_it.o(i.NMI_Handler)
    NVIC_Init                                0x08001115   Thumb Code    98  misc.o(i.NVIC_Init)
    NVIC_PriorityGroupConfig                 0x0800117d   Thumb Code    10  misc.o(i.NVIC_PriorityGroupConfig)
    OLED_Fill                                0x08001191   Thumb Code    54  oled_i2c.o(i.OLED_Fill)
    OLED_Init                                0x080011c7   Thumb Code   180  oled_i2c.o(i.OLED_Init)
    OLED_SetPos                              0x0800127b   Thumb Code    38  oled_i2c.o(i.OLED_SetPos)
    OLED_ShowStr                             0x080012a1   Thumb Code   194  oled_i2c.o(i.OLED_ShowStr)
    PendSV_Handler                           0x0800136d   Thumb Code     2  stm32f4xx_it.o(i.PendSV_Handler)
    RCC_AHB1PeriphClockCmd                   0x08001371   Thumb Code    22  stm32f4xx_rcc.o(i.RCC_AHB1PeriphClockCmd)
    RCC_APB1PeriphClockCmd                   0x0800138d   Thumb Code    22  stm32f4xx_rcc.o(i.RCC_APB1PeriphClockCmd)
    RCC_APB1PeriphResetCmd                   0x080013a9   Thumb Code    22  stm32f4xx_rcc.o(i.RCC_APB1PeriphResetCmd)
    RCC_APB2PeriphClockCmd                   0x080013c5   Thumb Code    22  stm32f4xx_rcc.o(i.RCC_APB2PeriphClockCmd)
    RCC_GetClocksFreq                        0x080013e1   Thumb Code   148  stm32f4xx_rcc.o(i.RCC_GetClocksFreq)
    SPI_Cmd                                  0x08001485   Thumb Code    24  stm32f4xx_spi.o(i.SPI_Cmd)
    SPI_FLASH_BufferRead                     0x0800149d   Thumb Code    72  bsp_spi_flash.o(i.SPI_FLASH_BufferRead)
    SPI_FLASH_BufferWrite                    0x080014e9   Thumb Code   212  bsp_spi_flash.o(i.SPI_FLASH_BufferWrite)
    SPI_FLASH_Init                           0x080015bd   Thumb Code   206  bsp_spi_flash.o(i.SPI_FLASH_Init)
    SPI_FLASH_PageWrite                      0x08001695   Thumb Code    92  bsp_spi_flash.o(i.SPI_FLASH_PageWrite)
    SPI_FLASH_ReadDeviceID                   0x08001729   Thumb Code    46  bsp_spi_flash.o(i.SPI_FLASH_ReadDeviceID)
    SPI_FLASH_ReadID                         0x0800175d   Thumb Code    54  bsp_spi_flash.o(i.SPI_FLASH_ReadID)
    SPI_FLASH_SectorErase                    0x08001799   Thumb Code    60  bsp_spi_flash.o(i.SPI_FLASH_SectorErase)
    SPI_FLASH_SendByte                       0x080017d9   Thumb Code   102  bsp_spi_flash.o(i.SPI_FLASH_SendByte)
    SPI_FLASH_WaitForWriteEnd                0x08001849   Thumb Code    56  bsp_spi_flash.o(i.SPI_FLASH_WaitForWriteEnd)
    SPI_FLASH_WriteEnable                    0x08001889   Thumb Code    22  bsp_spi_flash.o(i.SPI_FLASH_WriteEnable)
    SPI_I2S_GetFlagStatus                    0x080018a5   Thumb Code    14  stm32f4xx_spi.o(i.SPI_I2S_GetFlagStatus)
    SPI_I2S_ReceiveData                      0x080018b3   Thumb Code     4  stm32f4xx_spi.o(i.SPI_I2S_ReceiveData)
    SPI_I2S_SendData                         0x080018b7   Thumb Code     4  stm32f4xx_spi.o(i.SPI_I2S_SendData)
    SPI_Init                                 0x080018bb   Thumb Code    56  stm32f4xx_spi.o(i.SPI_Init)
    SVC_Handler                              0x08001e85   Thumb Code     2  stm32f4xx_it.o(i.SVC_Handler)
    Sensors_I2C_ReadRegister                 0x08001e87   Thumb Code    62  i2c.o(i.Sensors_I2C_ReadRegister)
    Sensors_I2C_WriteRegister                0x08001ec5   Thumb Code    62  i2c.o(i.Sensors_I2C_WriteRegister)
    SysTick_Handler                          0x08001fd9   Thumb Code    92  stm32f4xx_it.o(i.SysTick_Handler)
    SysTick_Init                             0x08002049   Thumb Code    54  bsp_systick.o(i.SysTick_Init)
    SystemInit                               0x08002089   Thumb Code    62  system_stm32f4xx.o(i.SystemInit)
    TIM6_DAC_IRQHandler                      0x080020d9   Thumb Code    72  stm32f4xx_it.o(i.TIM6_DAC_IRQHandler)
    TIM_ClearFlag                            0x08002131   Thumb Code     6  stm32f4xx_tim.o(i.TIM_ClearFlag)
    TIM_ClearITPendingBit                    0x08002137   Thumb Code     6  stm32f4xx_tim.o(i.TIM_ClearITPendingBit)
    TIM_Cmd                                  0x0800213d   Thumb Code    24  stm32f4xx_tim.o(i.TIM_Cmd)
    TIM_GetITStatus                          0x08002155   Thumb Code    24  stm32f4xx_tim.o(i.TIM_GetITStatus)
    TIM_ITConfig                             0x0800216d   Thumb Code    20  stm32f4xx_tim.o(i.TIM_ITConfig)
    TIM_TimeBaseInit                         0x08002181   Thumb Code    96  stm32f4xx_tim.o(i.TIM_TimeBaseInit)
    TimingDelay_Decrement                    0x08002229   Thumb Code    16  bsp_systick.o(i.TimingDelay_Decrement)
    USART_Cmd                                0x0800223d   Thumb Code    24  stm32f4xx_usart.o(i.USART_Cmd)
    USART_GetFlagStatus                      0x08002255   Thumb Code    14  stm32f4xx_usart.o(i.USART_GetFlagStatus)
    USART_Init                               0x08002265   Thumb Code   180  stm32f4xx_usart.o(i.USART_Init)
    USART_SendData                           0x08002321   Thumb Code     8  stm32f4xx_usart.o(i.USART_SendData)
    UsageFault_Handler                       0x08002329   Thumb Code     2  stm32f4xx_it.o(i.UsageFault_Handler)
    WriteCmd                                 0x0800232b   Thumb Code     8  oled_i2c.o(i.WriteCmd)
    WriteDat                                 0x08002333   Thumb Code     8  oled_i2c.o(i.WriteDat)
    __0printf$1                              0x0800233d   Thumb Code    22  printf1.o(i.__0printf$1)
    __1printf$1                              0x0800233d   Thumb Code     0  printf1.o(i.__0printf$1)
    __2printf                                0x0800233d   Thumb Code     0  printf1.o(i.__0printf$1)
    __0sprintf$1                             0x0800235d   Thumb Code    34  printf1.o(i.__0sprintf$1)
    __1sprintf$1                             0x0800235d   Thumb Code     0  printf1.o(i.__0sprintf$1)
    __2sprintf                               0x0800235d   Thumb Code     0  printf1.o(i.__0sprintf$1)
    __kernel_poly                            0x08002385   Thumb Code   170  poly.o(i.__kernel_poly)
    __mathlib_dbl_infnan                     0x0800242f   Thumb Code     6  dunder.o(i.__mathlib_dbl_infnan)
    __mathlib_dbl_invalid                    0x08002435   Thumb Code    12  dunder.o(i.__mathlib_dbl_invalid)
    __scatterload_copy                       0x08002441   Thumb Code    14  handlers.o(i.__scatterload_copy)
    __scatterload_null                       0x0800244f   Thumb Code     2  handlers.o(i.__scatterload_null)
    __scatterload_zeroinit                   0x08002451   Thumb Code    14  handlers.o(i.__scatterload_zeroinit)
    __set_errno                              0x08002461   Thumb Code     6  errno.o(i.__set_errno)
    acos                                     0x080025cd   Thumb Code   574  acos.o(i.acos)
    delay_ms                                 0x08002849   Thumb Code    22  main.o(i.delay_ms)
    fputc                                    0x08002861   Thumb Code    30  bsp_debug_usart.o(i.fputc)
    main                                     0x08002885   Thumb Code   360  main.o(i.main)
    sqrt                                     0x08002a3d   Thumb Code    76  sqrt.o(i.sqrt)
    F6x8                                     0x08002a88   Data         552  oled_i2c.o(.constdata)
    F8X16                                    0x08002cb0   Data        1520  oled_i2c.o(.constdata)
    Region$$Table$$Base                      0x0800334c   Number         0  anon$$obj.o(Region$$Table)
    Region$$Table$$Limit                     0x0800336c   Number         0  anon$$obj.o(Region$$Table)
    SystemCoreClock                          0x20000000   Data           4  system_stm32f4xx.o(.data)
    AHBPrescTable                            0x20000004   Data          16  system_stm32f4xx.o(.data)
    hour                                     0x20000024   Data           1  main.o(.data)
    min                                      0x20000025   Data           1  main.o(.data)
    sec                                      0x20000026   Data           1  main.o(.data)
    DeviceID                                 0x20000028   Data           4  main.o(.data)
    FlashID                                  0x2000002c   Data           4  main.o(.data)
    Acel                                     0x20000030   Data           6  main.o(.data)
    Gyro                                     0x20000036   Data           6  main.o(.data)
    Temp                                     0x2000003c   Data           4  main.o(.data)
    task_readdata_finish                     0x20000040   Data           4  stm32f4xx_it.o(.data)
    Task_Delay_Group                         0x20000044   Data           8  stm32f4xx_it.o(.data)
    __stdout                                 0x2000005c   Data           4  stdout.o(.data)
    __initial_sp                             0x20000468   Data           0  startup_stm32f429_439xx.o(STACK)



==============================================================================

Memory Map of the image

  Image Entry point : 0x080001ad

  Load Region LR_IROM1 (Base: 0x08000000, Size: 0x000033d0, Max: 0x00100000, ABSOLUTE)

    Execution Region ER_IROM1 (Base: 0x08000000, Size: 0x0000336c, Max: 0x00100000, ABSOLUTE)

    Base Addr    Size         Type   Attr      Idx    E Section Name        Object

    0x08000000   0x000001ac   Data   RO            3    RESET               startup_stm32f429_439xx.o
    0x080001ac   0x00000000   Code   RO         6228  * .ARM.Collect$$$$00000000  mc_w.l(entry.o)
    0x080001ac   0x00000004   Code   RO         6538    .ARM.Collect$$$$00000001  mc_w.l(entry2.o)
    0x080001b0   0x00000004   Code   RO         6541    .ARM.Collect$$$$00000004  mc_w.l(entry5.o)
    0x080001b4   0x00000000   Code   RO         6543    .ARM.Collect$$$$00000008  mc_w.l(entry7b.o)
    0x080001b4   0x00000000   Code   RO         6545    .ARM.Collect$$$$0000000A  mc_w.l(entry8b.o)
    0x080001b4   0x00000008   Code   RO         6546    .ARM.Collect$$$$0000000B  mc_w.l(entry9a.o)
    0x080001bc   0x00000000   Code   RO         6548    .ARM.Collect$$$$0000000D  mc_w.l(entry10a.o)
    0x080001bc   0x00000000   Code   RO         6550    .ARM.Collect$$$$0000000F  mc_w.l(entry11a.o)
    0x080001bc   0x00000004   Code   RO         6539    .ARM.Collect$$$$00002712  mc_w.l(entry2.o)
    0x080001c0   0x00000024   Code   RO            4    .text               startup_stm32f429_439xx.o
    0x080001e4   0x00000024   Code   RO         6231    .text               mc_w.l(memseta.o)
    0x08000208   0x0000014e   Code   RO         6496    .text               mf_w.l(dadd.o)
    0x08000356   0x000000e4   Code   RO         6498    .text               mf_w.l(dmul.o)
    0x0800043a   0x000000de   Code   RO         6500    .text               mf_w.l(ddiv.o)
    0x08000518   0x0000002e   Code   RO         6502    .text               mf_w.l(dscalb.o)
    0x08000546   0x00000022   Code   RO         6506    .text               mf_w.l(dflti.o)
    0x08000568   0x00000030   Code   RO         6510    .text               mf_w.l(cdrcmple.o)
    0x08000598   0x00000038   Code   RO         6512    .text               mf_w.l(d2f.o)
    0x080005d0   0x0000002c   Code   RO         6553    .text               mc_w.l(uidiv.o)
    0x080005fc   0x0000001e   Code   RO         6557    .text               mc_w.l(llshl.o)
    0x0800061a   0x00000024   Code   RO         6559    .text               mc_w.l(llsshr.o)
    0x0800063e   0x00000000   Code   RO         6568    .text               mc_w.l(iusefp.o)
    0x0800063e   0x0000006e   Code   RO         6569    .text               mf_w.l(fepilogue.o)
    0x080006ac   0x000000ba   Code   RO         6571    .text               mf_w.l(depilogue.o)
    0x08000766   0x00000002   PAD
    0x08000768   0x00000024   Code   RO         6575    .text               mc_w.l(init.o)
    0x0800078c   0x00000020   Code   RO         6577    .text               mc_w.l(llushr.o)
    0x080007ac   0x000000a2   Code   RO         6579    .text               mf_w.l(dsqrt.o)
    0x0800084e   0x0000000e   Code   RO         6063    i.BASIC_TIMx_Config  bsp_basic_tim.o
    0x0800085c   0x00000044   Code   RO         6064    i.BASIC_TIMx_Mode_Config  bsp_basic_tim.o
    0x080008a0   0x00000002   Code   RO         5247    i.BusFault_Handler  stm32f4xx_it.o
    0x080008a2   0x00000002   Code   RO         5248    i.DebugMon_Handler  stm32f4xx_it.o
    0x080008a4   0x00000098   Code   RO         5356    i.Debug_USART_Config  bsp_debug_usart.o
    0x0800093c   0x00000014   Code   RO         5723    i.Delay_ms          bsp_systick.o
    0x08000950   0x0000001a   Code   RO         5724    i.Delay_s           bsp_systick.o
    0x0800096a   0x0000007c   Code   RO         2046    i.GPIO_Init         stm32f4xx_gpio.o
    0x080009e6   0x00000020   Code   RO         2047    i.GPIO_PinAFConfig  stm32f4xx_gpio.o
    0x08000a06   0x00000004   Code   RO         2053    i.GPIO_ResetBits    stm32f4xx_gpio.o
    0x08000a0a   0x00000002   PAD
    0x08000a0c   0x0000000c   Code   RO         5869    i.Get_I2C_Retry     i2c.o
    0x08000a18   0x00000002   Code   RO         5249    i.HardFault_Handler  stm32f4xx_it.o
    0x08000a1a   0x00000018   Code   RO         2334    i.I2C_AcknowledgeConfig  stm32f4xx_i2c.o
    0x08000a32   0x00000018   Code   RO         2337    i.I2C_CheckEvent    stm32f4xx_i2c.o
    0x08000a4a   0x00000006   Code   RO         2338    i.I2C_ClearFlag     stm32f4xx_i2c.o
    0x08000a50   0x00000018   Code   RO         2340    i.I2C_Cmd           stm32f4xx_i2c.o
    0x08000a68   0x0000009c   Code   RO         5956    i.I2C_Configuration  oled_i2c.o
    0x08000b04   0x00000064   Code   RO         2343    i.I2C_DeInit        stm32f4xx_i2c.o
    0x08000b68   0x00000018   Code   RO         2348    i.I2C_GenerateSTART  stm32f4xx_i2c.o
    0x08000b80   0x00000018   Code   RO         2349    i.I2C_GenerateSTOP  stm32f4xx_i2c.o
    0x08000b98   0x00000032   Code   RO         2350    i.I2C_GetFlagStatus  stm32f4xx_i2c.o
    0x08000bca   0x00000002   PAD
    0x08000bcc   0x000000bc   Code   RO         2355    i.I2C_Init          stm32f4xx_i2c.o
    0x08000c88   0x00000010   Code   RO         2359    i.I2C_ReadRegister  stm32f4xx_i2c.o
    0x08000c98   0x00000006   Code   RO         2360    i.I2C_ReceiveData   stm32f4xx_i2c.o
    0x08000c9e   0x00000012   Code   RO         2362    i.I2C_Send7bitAddress  stm32f4xx_i2c.o
    0x08000cb0   0x00000004   Code   RO         2363    i.I2C_SendData      stm32f4xx_i2c.o
    0x08000cb4   0x00000018   Code   RO         2364    i.I2C_SoftwareResetCmd  stm32f4xx_i2c.o
    0x08000ccc   0x0000008c   Code   RO         5957    i.I2C_WriteByte     oled_i2c.o
    0x08000d58   0x0000009c   Code   RO         5870    i.I2Cx_TIMEOUT_UserCallback  i2c.o
    0x08000df4   0x000000a4   Code   RO         5871    i.I2cMaster_Init    i2c.o
    0x08000e98   0x00000074   Code   RO         5332    i.LED_GPIO_Config   bsp_led.o
    0x08000f0c   0x0000003a   Code   RO         5802    i.MPU6050ReadAcc    mpu6050.o
    0x08000f46   0x0000003a   Code   RO         5803    i.MPU6050ReadGyro   mpu6050.o
    0x08000f80   0x00000054   Code   RO         5804    i.MPU6050ReadID     mpu6050.o
    0x08000fd4   0x0000009c   Code   RO         5161    i.MPU6050_Get_Angle  main.o
    0x08001070   0x00000042   Code   RO         5806    i.MPU6050_Init      mpu6050.o
    0x080010b2   0x0000000a   Code   RO         5807    i.MPU6050_ReadData  mpu6050.o
    0x080010bc   0x00000044   Code   RO         5808    i.MPU6050_ReturnTemp  mpu6050.o
    0x08001100   0x00000010   Code   RO         5809    i.MPU6050_WriteReg  mpu6050.o
    0x08001110   0x00000002   Code   RO         5250    i.MemManage_Handler  stm32f4xx_it.o
    0x08001112   0x00000002   Code   RO         5251    i.NMI_Handler       stm32f4xx_it.o
    0x08001114   0x00000068   Code   RO          164    i.NVIC_Init         misc.o
    0x0800117c   0x00000014   Code   RO          165    i.NVIC_PriorityGroupConfig  misc.o
    0x08001190   0x00000036   Code   RO         5960    i.OLED_Fill         oled_i2c.o
    0x080011c6   0x000000b4   Code   RO         5961    i.OLED_Init         oled_i2c.o
    0x0800127a   0x00000026   Code   RO         5964    i.OLED_SetPos       oled_i2c.o
    0x080012a0   0x000000cc   Code   RO         5966    i.OLED_ShowStr      oled_i2c.o
    0x0800136c   0x00000002   Code   RO         5252    i.PendSV_Handler    stm32f4xx_it.o
    0x0800136e   0x00000002   PAD
    0x08001370   0x0000001c   Code   RO         2960    i.RCC_AHB1PeriphClockCmd  stm32f4xx_rcc.o
    0x0800138c   0x0000001c   Code   RO         2969    i.RCC_APB1PeriphClockCmd  stm32f4xx_rcc.o
    0x080013a8   0x0000001c   Code   RO         2971    i.RCC_APB1PeriphResetCmd  stm32f4xx_rcc.o
    0x080013c4   0x0000001c   Code   RO         2972    i.RCC_APB2PeriphClockCmd  stm32f4xx_rcc.o
    0x080013e0   0x000000a4   Code   RO         2981    i.RCC_GetClocksFreq  stm32f4xx_rcc.o
    0x08001484   0x00000018   Code   RO         4115    i.SPI_Cmd           stm32f4xx_spi.o
    0x0800149c   0x0000004c   Code   RO         6100    i.SPI_FLASH_BufferRead  bsp_spi_flash.o
    0x080014e8   0x000000d4   Code   RO         6101    i.SPI_FLASH_BufferWrite  bsp_spi_flash.o
    0x080015bc   0x000000d8   Code   RO         6103    i.SPI_FLASH_Init    bsp_spi_flash.o
    0x08001694   0x00000094   Code   RO         6104    i.SPI_FLASH_PageWrite  bsp_spi_flash.o
    0x08001728   0x00000034   Code   RO         6106    i.SPI_FLASH_ReadDeviceID  bsp_spi_flash.o
    0x0800175c   0x0000003c   Code   RO         6107    i.SPI_FLASH_ReadID  bsp_spi_flash.o
    0x08001798   0x00000040   Code   RO         6108    i.SPI_FLASH_SectorErase  bsp_spi_flash.o
    0x080017d8   0x00000070   Code   RO         6109    i.SPI_FLASH_SendByte  bsp_spi_flash.o
    0x08001848   0x00000040   Code   RO         6112    i.SPI_FLASH_WaitForWriteEnd  bsp_spi_flash.o
    0x08001888   0x0000001c   Code   RO         6113    i.SPI_FLASH_WriteEnable  bsp_spi_flash.o
    0x080018a4   0x0000000e   Code   RO         4123    i.SPI_I2S_GetFlagStatus  stm32f4xx_spi.o
    0x080018b2   0x00000004   Code   RO         4126    i.SPI_I2S_ReceiveData  stm32f4xx_spi.o
    0x080018b6   0x00000004   Code   RO         4127    i.SPI_I2S_SendData  stm32f4xx_spi.o
    0x080018ba   0x00000038   Code   RO         4128    i.SPI_Init          stm32f4xx_spi.o
    0x080018f2   0x00000002   PAD
    0x080018f4   0x00000040   Code   RO         6116    i.SPI_TIMEOUT_UserCallback  bsp_spi_flash.o
    0x08001934   0x000003f4   Code   RO         5873    i.ST_Sensors_I2C_ReadRegister  i2c.o
    0x08001d28   0x0000015c   Code   RO         5875    i.ST_Sensors_I2C_WriteRegister  i2c.o
    0x08001e84   0x00000002   Code   RO         5253    i.SVC_Handler       stm32f4xx_it.o
    0x08001e86   0x0000003e   Code   RO         5877    i.Sensors_I2C_ReadRegister  i2c.o
    0x08001ec4   0x0000003e   Code   RO         5879    i.Sensors_I2C_WriteRegister  i2c.o
    0x08001f02   0x00000002   PAD
    0x08001f04   0x000000d4   Code   RO           13    i.SetSysClock       system_stm32f4xx.o
    0x08001fd8   0x00000070   Code   RO         5254    i.SysTick_Handler   stm32f4xx_it.o
    0x08002048   0x00000040   Code   RO         5725    i.SysTick_Init      bsp_systick.o
    0x08002088   0x00000050   Code   RO           15    i.SystemInit        system_stm32f4xx.o
    0x080020d8   0x00000058   Code   RO         5255    i.TIM6_DAC_IRQHandler  stm32f4xx_it.o
    0x08002130   0x00000006   Code   RO         4347    i.TIM_ClearFlag     stm32f4xx_tim.o
    0x08002136   0x00000006   Code   RO         4348    i.TIM_ClearITPendingBit  stm32f4xx_tim.o
    0x0800213c   0x00000018   Code   RO         4353    i.TIM_Cmd           stm32f4xx_tim.o
    0x08002154   0x00000018   Code   RO         4374    i.TIM_GetITStatus   stm32f4xx_tim.o
    0x0800216c   0x00000014   Code   RO         4378    i.TIM_ITConfig      stm32f4xx_tim.o
    0x08002180   0x0000007c   Code   RO         4425    i.TIM_TimeBaseInit  stm32f4xx_tim.o
    0x080021fc   0x0000002a   Code   RO         6065    i.TIMx_NVIC_Configuration  bsp_basic_tim.o
    0x08002226   0x00000002   PAD
    0x08002228   0x00000014   Code   RO         5727    i.TimingDelay_Decrement  bsp_systick.o
    0x0800223c   0x00000018   Code   RO         4907    i.USART_Cmd         stm32f4xx_usart.o
    0x08002254   0x0000000e   Code   RO         4910    i.USART_GetFlagStatus  stm32f4xx_usart.o
    0x08002262   0x00000002   PAD
    0x08002264   0x000000bc   Code   RO         4914    i.USART_Init        stm32f4xx_usart.o
    0x08002320   0x00000008   Code   RO         4924    i.USART_SendData    stm32f4xx_usart.o
    0x08002328   0x00000002   Code   RO         5256    i.UsageFault_Handler  stm32f4xx_it.o
    0x0800232a   0x00000008   Code   RO         5967    i.WriteCmd          oled_i2c.o
    0x08002332   0x00000008   Code   RO         5968    i.WriteDat          oled_i2c.o
    0x0800233a   0x00000002   PAD
    0x0800233c   0x00000020   Code   RO         6278    i.__0printf$1       mc_w.l(printf1.o)
    0x0800235c   0x00000028   Code   RO         6280    i.__0sprintf$1      mc_w.l(printf1.o)
    0x08002384   0x000000aa   Code   RO         6528    i.__kernel_poly     m_ws.l(poly.o)
    0x0800242e   0x00000006   Code   RO         6515    i.__mathlib_dbl_infnan  m_ws.l(dunder.o)
    0x08002434   0x0000000c   Code   RO         6517    i.__mathlib_dbl_invalid  m_ws.l(dunder.o)
    0x08002440   0x0000000e   Code   RO         6585    i.__scatterload_copy  mc_w.l(handlers.o)
    0x0800244e   0x00000002   Code   RO         6586    i.__scatterload_null  mc_w.l(handlers.o)
    0x08002450   0x0000000e   Code   RO         6587    i.__scatterload_zeroinit  mc_w.l(handlers.o)
    0x0800245e   0x00000002   PAD
    0x08002460   0x0000000c   Code   RO         6563    i.__set_errno       mc_w.l(errno.o)
    0x0800246c   0x00000154   Code   RO         6285    i._printf_core      mc_w.l(printf1.o)
    0x080025c0   0x0000000a   Code   RO         6287    i._sputc            mc_w.l(printf1.o)
    0x080025ca   0x00000002   PAD
    0x080025cc   0x0000027c   Code   RO         6219    i.acos              m_ws.l(acos.o)
    0x08002848   0x00000016   Code   RO         5162    i.delay_ms          main.o
    0x0800285e   0x00000002   PAD
    0x08002860   0x00000024   Code   RO         5358    i.fputc             bsp_debug_usart.o
    0x08002884   0x000001b8   Code   RO         5164    i.main              main.o
    0x08002a3c   0x0000004c   Code   RO         6531    i.sqrt              m_ws.l(sqrt.o)
    0x08002a88   0x00000818   Data   RO         5969    .constdata          oled_i2c.o
    0x080032a0   0x00000050   Data   RO         6220    .constdata          m_ws.l(acos.o)
    0x080032f0   0x00000059   Data   RO         5810    .conststring        mpu6050.o
    0x08003349   0x00000003   PAD
    0x0800334c   0x00000020   Data   RO         6583    Region$$Table       anon$$obj.o


    Execution Region RW_IRAM1 (Base: 0x20000000, Size: 0x00000468, Max: 0x00030000, ABSOLUTE)

    Base Addr    Size         Type   Attr      Idx    E Section Name        Object

    0x20000000   0x00000014   Data   RW           16    .data               system_stm32f4xx.o
    0x20000014   0x00000010   Data   RW         3013    .data               stm32f4xx_rcc.o
    0x20000024   0x00000012   Data   RW         5165    .data               main.o
    0x20000036   0x00000006   Data   RW         5166    .data               main.o
    0x2000003c   0x00000004   Data   RW         5167    .data               main.o
    0x20000040   0x0000000c   Data   RW         5257    .data               stm32f4xx_it.o
    0x2000004c   0x00000008   Data   RW         5729    .data               bsp_systick.o
    0x20000054   0x00000002   Data   RW         5881    .data               i2c.o
    0x20000056   0x00000002   PAD
    0x20000058   0x00000004   Data   RW         6117    .data               bsp_spi_flash.o
    0x2000005c   0x00000004   Data   RW         6552    .data               mc_w.l(stdout.o)
    0x20000060   0x00000004   Data   RW         6564    .data               mc_w.l(errno.o)
    0x20000064   0x00000004   PAD
    0x20000068   0x00000400   Zero   RW            1    STACK               startup_stm32f429_439xx.o


==============================================================================

Image component sizes


      Code (inc. data)   RO Data    RW Data    ZI Data      Debug   Object Name

       124          6          0          0          0       1580   bsp_basic_tim.o
       188         16          0          0          0       1285   bsp_debug_usart.o
       116         10          0          0          0        594   bsp_led.o
      1096        160          0          4          0       8275   bsp_spi_flash.o
       130         18          0          8          0      29391   bsp_systick.o
      1816        102          0          2          0       7976   i2c.o
       618         92          0         28          0       4631   main.o
       124         16          0          0          0       1811   misc.o
       360         52         89          0          0       4165   mpu6050.o
       788         34       2072          0          0       5796   oled_i2c.o
        36          8        428          0       1024        952   startup_stm32f429_439xx.o
       160          0          0          0          0       2608   stm32f4xx_gpio.o
       532         22          0          0          0      10307   stm32f4xx_i2c.o
       216         36          0         12          0       5806   stm32f4xx_it.o
       276         40          0         16          0       5884   stm32f4xx_rcc.o
       102          0          0          0          0       3934   stm32f4xx_spi.o
       204         28          0          0          0       4822   stm32f4xx_tim.o
       234          8          0          0          0       3784   stm32f4xx_usart.o
       292         34          0         20          0     313125   system_stm32f4xx.o

    ----------------------------------------------------------------------
      7430        682       2624         92       1024     416726   Object Totals
         0          0         32          0          0          0   (incl. Generated)
        18          0          3          2          0          0   (incl. Padding)

    ----------------------------------------------------------------------

      Code (inc. data)   RO Data    RW Data    ZI Data      Debug   Library Member Name

       636         62         80          0          0        188   acos.o
        18          0          0          0          0        136   dunder.o
       170          0          0          0          0         96   poly.o
        76          0          0          0          0         84   sqrt.o
         0          0          0          0          0          0   entry.o
         0          0          0          0          0          0   entry10a.o
         0          0          0          0          0          0   entry11a.o
         8          4          0          0          0          0   entry2.o
         4          0          0          0          0          0   entry5.o
         0          0          0          0          0          0   entry7b.o
         0          0          0          0          0          0   entry8b.o
         8          4          0          0          0          0   entry9a.o
        12          6          0          4          0         68   errno.o
        30          0          0          0          0          0   handlers.o
        36          8          0          0          0         68   init.o
         0          0          0          0          0          0   iusefp.o
        30          0          0          0          0         68   llshl.o
        36          0          0          0          0         68   llsshr.o
        32          0          0          0          0         68   llushr.o
        36          0          0          0          0        108   memseta.o
       422         20          0          0          0        336   printf1.o
         0          0          0          4          0          0   stdout.o
        44          0          0          0          0         80   uidiv.o
        48          0          0          0          0         68   cdrcmple.o
        56          0          0          0          0         88   d2f.o
       334          0          0          0          0        148   dadd.o
       222          0          0          0          0        100   ddiv.o
       186          0          0          0          0        176   depilogue.o
        34          0          0          0          0         76   dflti.o
       228          0          0          0          0         96   dmul.o
        46          0          0          0          0         80   dscalb.o
       162          0          0          0          0        100   dsqrt.o
       110          0          0          0          0        168   fepilogue.o

    ----------------------------------------------------------------------
      3030        104         80          8          4       2468   Library Totals
         6          0          0          0          4          0   (incl. Padding)

    ----------------------------------------------------------------------

      Code (inc. data)   RO Data    RW Data    ZI Data      Debug   Library Name

       900         62         80          0          0        504   m_ws.l
       698         42          0          8          0        864   mc_w.l
      1426          0          0          0          0       1100   mf_w.l

    ----------------------------------------------------------------------
      3030        104         80          8          4       2468   Library Totals

    ----------------------------------------------------------------------

==============================================================================


      Code (inc. data)   RO Data    RW Data    ZI Data      Debug   

     10460        786       2704        100       1028     413314   Grand Totals
     10460        786       2704        100       1028     413314   ELF Image Totals
     10460        786       2704        100          0          0   ROM Totals

==============================================================================

    Total RO  Size (Code + RO Data)                13164 (  12.86kB)
    Total RW  Size (RW Data + ZI Data)              1128 (   1.10kB)
    Total ROM Size (Code + RO Data + RW Data)      13264 (  12.95kB)

==============================================================================

